[1,0]<stdout>:        1617 CHECKSUM:  -670057988
[1,0]<stdout>:        1618 CHECKSUM:  -670057988
[1,0]<stdout>:        1619 CHECKSUM:  -670057988
[1,0]<stdout>:        1620 CHECKSUM:  -670057988
[1,0]<stdout>:        1621 CHECKSUM:  -670057988
[1,0]<stdout>:        1622 CHECKSUM:  -670057988
[1,0]<stdout>:        1623 CHECKSUM:  -670057988
[1,0]<stdout>:        1624 CHECKSUM:  -670057988
[1,0]<stdout>:        1625 CHECKSUM:  -670057988
[1,0]<stdout>:        1626 CHECKSUM:  -670057988
[1,0]<stdout>:        1627 CHECKSUM:  -670057988
[1,0]<stdout>:        1628 CHECKSUM:  -670057988
[1,0]<stdout>:        1629 CHECKSUM:  -670057988
[1,0]<stdout>:        1630 CHECKSUM:  -670057988
[1,0]<stdout>:        1631 CHECKSUM:  -670057988
[1,0]<stdout>:        1632 CHECKSUM:  -670057988
[1,0]<stdout>:        1633 CHECKSUM:  -670057988
[1,0]<stdout>:        1634 CHECKSUM:  -670057988
[1,0]<stdout>:        1635 CHECKSUM:  -670057988
[1,0]<stdout>:        1636 CHECKSUM:  -670057988
[1,0]<stdout>:        1637 CHECKSUM:  -670057988
[1,0]<stdout>:        1638 CHECKSUM:  -670057988
[1,0]<stdout>:        1639 CHECKSUM:  -670057988
[1,0]<stdout>:        1640 CHECKSUM:  -670057988
[1,0]<stdout>:        1641 CHECKSUM:  -670057988
[1,0]<stdout>:        1642 CHECKSUM:  -670057988
[1,0]<stdout>:        1643 CHECKSUM:  -670057988
[1,0]<stdout>:        1644 CHECKSUM:  -670057988
[1,0]<stdout>:        1645 CHECKSUM:  -670057988
[1,0]<stdout>:        1646 CHECKSUM:  -670057988
[1,0]<stdout>:        1647 CHECKSUM:  -670057988
[1,0]<stdout>:        1648 CHECKSUM:  -670057988
[1,0]<stdout>:        1649 CHECKSUM:  -670057988
[1,0]<stdout>:        1650 CHECKSUM:  -670057988
[1,0]<stdout>:        1651 CHECKSUM:  -670057988
[1,0]<stdout>:        1652 CHECKSUM:  -670057988
[1,0]<stdout>:        1653 CHECKSUM:  -670057988
[1,0]<stdout>:        1654 CHECKSUM:  -670057988
[1,0]<stdout>:        1655 CHECKSUM:  -670057988
[1,0]<stdout>:        1656 CHECKSUM:  -670057988
[1,0]<stdout>:        1657 CHECKSUM:  -670057988
[1,0]<stdout>:        1658 CHECKSUM:  -670057988
[1,0]<stdout>:        1659 CHECKSUM:  -670057988
[1,0]<stdout>:        1660 CHECKSUM:  -670057988
[1,0]<stdout>:        1661 CHECKSUM:  -670057988
[1,0]<stdout>:        1662 CHECKSUM:  -670057988
[1,0]<stdout>:        1663 CHECKSUM:  -670057988
[1,0]<stdout>:        1664 CHECKSUM:  -670057988
[1,0]<stdout>:        1665 CHECKSUM:  -670057988
[1,0]<stdout>:        1666 CHECKSUM:  -670057988
[1,0]<stdout>:        1667 CHECKSUM:  -670057988
[1,0]<stdout>:        1668 CHECKSUM:  -670057988
[1,0]<stdout>:        1669 CHECKSUM:  -670057988
[1,0]<stdout>:        1670 CHECKSUM:  -670057988
[1,0]<stdout>:        1671 CHECKSUM:  -670057988
[1,0]<stdout>:        1672 CHECKSUM:  -670057988
[1,0]<stdout>:        1673 CHECKSUM:  -670057988
[1,0]<stdout>:        1674 CHECKSUM:  -670057988
[1,0]<stdout>:        1675 CHECKSUM:  -670057988
[1,0]<stdout>:        1676 CHECKSUM:  -670057988
[1,0]<stdout>:        1677 CHECKSUM:  -670057988
[1,0]<stdout>:        1678 CHECKSUM:  -670057988
[1,0]<stdout>:        1679 CHECKSUM:  -670057988
[1,0]<stdout>:        1680 CHECKSUM:  -670057988
[1,0]<stdout>:        1681 CHECKSUM:  -670057988
[1,0]<stdout>:        1682 CHECKSUM:  -670057988
[1,0]<stdout>:        1683 CHECKSUM:  -670057988
[1,0]<stdout>:        1684 CHECKSUM:  -670057988
[1,0]<stdout>:        1685 CHECKSUM:  -670057988
[1,0]<stdout>:        1686 CHECKSUM:  -670057988
[1,0]<stdout>:        1687 CHECKSUM:  -670057988
[1,0]<stdout>:        1688 CHECKSUM:  -670057988
[1,0]<stdout>:        1689 CHECKSUM:  -670057988
[1,0]<stdout>:        1690 CHECKSUM:  -670057988
[1,0]<stdout>:        1691 CHECKSUM:  -670057988
[1,0]<stdout>:        1692 CHECKSUM:  -670057988
[1,0]<stdout>:        1693 CHECKSUM:  -670057988
[1,0]<stdout>:        1694 CHECKSUM:  -670057988
[1,0]<stdout>:        1695 CHECKSUM:  -670057988
[1,0]<stdout>:        1696 CHECKSUM:  -670057988
[1,0]<stdout>:        1697 CHECKSUM:  -670057988
[1,0]<stdout>:        1698 CHECKSUM:  -670057988
[1,0]<stdout>:        1699 CHECKSUM:  -670057988
[1,0]<stdout>:        1700 CHECKSUM:  -670057988
[1,0]<stdout>:        1701 CHECKSUM:  -670057988
[1,0]<stdout>:        1702 CHECKSUM:  -670057988
[1,0]<stdout>:        1703 CHECKSUM:  -670057988
[1,0]<stdout>:        1704 CHECKSUM:  -670057988
[1,0]<stdout>:        1705 CHECKSUM:  -670057988
[1,0]<stdout>:        1706 CHECKSUM:  -670057988
[1,0]<stdout>:        1707 CHECKSUM:  -670057988
[1,0]<stdout>:        1708 CHECKSUM:  -670057988
[1,0]<stdout>:        1709 CHECKSUM:  -670057988
[1,0]<stdout>:        1710 CHECKSUM:  -670057988
[1,0]<stdout>:        1711 CHECKSUM:  -670057988
[1,0]<stdout>:        1712 CHECKSUM:  -670057988
[1,0]<stdout>:        1713 CHECKSUM:  -670057988
[1,0]<stdout>:        1714 CHECKSUM:  -670057988
[1,0]<stdout>:        1715 CHECKSUM:  -670057988
[1,0]<stdout>:        1716 CHECKSUM:  -670057988
[1,0]<stdout>:        1717 CHECKSUM:  -670057988
[1,0]<stdout>:        1718 CHECKSUM:  -670057988
[1,0]<stdout>:        1719 CHECKSUM:  -670057988
[1,0]<stdout>:        1720 CHECKSUM:  -670057988
[1,0]<stdout>:        1721 CHECKSUM:  -670057988
[1,0]<stdout>:        1722 CHECKSUM:  -670057988
[1,0]<stdout>:        1723 CHECKSUM:  -670057988
[1,0]<stdout>:        1724 CHECKSUM:  -670057988
[1,0]<stdout>:        1725 CHECKSUM:  -670057988
[1,0]<stdout>:        1726 CHECKSUM:  -670057988
[1,0]<stdout>:        1727 CHECKSUM:  -670057988
[1,0]<stdout>:        1728 CHECKSUM:  -670057988
[1,0]<stdout>:        1729 CHECKSUM:  -670057988
[1,0]<stdout>:        1730 CHECKSUM:  -670057988
[1,0]<stdout>:        1731 CHECKSUM:  -670057988
[1,0]<stdout>:        1732 CHECKSUM:  -670057988
[1,0]<stdout>:        1733 CHECKSUM:  -670057988
[1,0]<stdout>:        1734 CHECKSUM:  -670057988
[1,0]<stdout>:        1735 CHECKSUM:  -670057988
[1,0]<stdout>:        1736 CHECKSUM:  -670057988
[1,0]<stdout>:        1737 CHECKSUM:  -670057988
[1,0]<stdout>:        1738 CHECKSUM:  -670057988
[1,0]<stdout>:        1739 CHECKSUM:  -670057988
[1,0]<stdout>:        1740 CHECKSUM:  -670057988
[1,0]<stdout>:        1741 CHECKSUM:  -670057988
[1,0]<stdout>:        1742 CHECKSUM:  -670057988
[1,0]<stdout>:        1743 CHECKSUM:  -670057988
[1,0]<stdout>:        1744 CHECKSUM:  -670057988
[1,0]<stdout>:        1745 CHECKSUM:  -670057988
[1,0]<stdout>:        1746 CHECKSUM:  -670057988
[1,0]<stdout>:        1747 CHECKSUM:  -670057988
[1,0]<stdout>:        1748 CHECKSUM:  -670057988
[1,0]<stdout>:        1749 CHECKSUM:  -670057988
[1,0]<stdout>:        1750 CHECKSUM:  -670057988
[1,0]<stdout>:        1751 CHECKSUM:  -670057988
[1,0]<stdout>:        1752 CHECKSUM:  -670057988
[1,0]<stdout>:        1753 CHECKSUM:  -670057988
[1,0]<stdout>:        1754 CHECKSUM:  -670057988
[1,0]<stdout>:        1755 CHECKSUM:  -670057988
[1,0]<stdout>:        1756 CHECKSUM:  -670057988
[1,0]<stdout>:        1757 CHECKSUM:  -670057988
[1,0]<stdout>:        1758 CHECKSUM:  -670057988
[1,0]<stdout>:        1759 CHECKSUM:  -670057988
[1,0]<stdout>:        1760 CHECKSUM:  -670057988
[1,0]<stdout>:        1761 CHECKSUM:  -670057988
[1,0]<stdout>:        1762 CHECKSUM:  -670057988
[1,0]<stdout>:        1763 CHECKSUM:  -670057988
[1,0]<stdout>:        1764 CHECKSUM:  -670057988
[1,0]<stdout>:        1765 CHECKSUM:  -670057988
[1,0]<stdout>:        1766 CHECKSUM:  -670057988
[1,0]<stdout>:        1767 CHECKSUM:  -670057988
[1,0]<stdout>:        1768 CHECKSUM:  -670057988
[1,0]<stdout>:        1769 CHECKSUM:  -670057988
[1,6]<stdout>:[NLOC_DBG] cy=  1770 VNLmax=  0.604651E+24 UNLmax=  0.645478E+18 nnod=  2537 r= 6
[1,2]<stdout>:[NLOC_DBG] cy=  1770 VNLmax=  0.202797E+24 UNLmax=  0.199586E+18 nnod=  2621 r= 2
[1,4]<stdout>:[NLOC_DBG] cy=  1770 VNLmax=  0.261317E+25 UNLmax=  0.270288E+19 nnod=  2615 r= 4
[1,1]<stdout>:[NLOC_DBG] cy=  1770 VNLmax=  0.688888E+27 UNLmax=  0.604005E+21 nnod=  2617 r= 1
[1,5]<stdout>:[NLOC_DBG] cy=  1770 VNLmax=  0.218284E+25 UNLmax=  0.225777E+19 nnod=  2560 r= 5
[1,7]<stdout>:[NLOC_DBG] cy=  1770 VNLmax=  0.433712E+25 UNLmax=  0.448599E+19 nnod=  2576 r= 7
[1,3]<stdout>:[NLOC_DBG] cy=  1770 VNLmax=  0.853198E+27 UNLmax=  0.748069E+21 nnod=  2651 r= 3
[1,0]<stdout>:[NLOC_DBG] cy=  1770 VNLmax=  0.836927E+27 UNLmax=  0.733803E+21 nnod=  2578 r= 0
[1,0]<stdout>:        1770 CHECKSUM:  -670057988
[1,6]<stdout>:[NLOC_DBG] cy=  1771 VNLmax=  0.620224E+24 UNLmax=  0.662103E+18 nnod=  2537 r= 6
[1,2]<stdout>:[NLOC_DBG] cy=  1771 VNLmax=  0.208529E+24 UNLmax=  0.205176E+18 nnod=  2621 r= 2
[1,4]<stdout>:[NLOC_DBG] cy=  1771 VNLmax=  0.268270E+25 UNLmax=  0.277479E+19 nnod=  2615 r= 4
[1,1]<stdout>:[NLOC_DBG] cy=  1771 VNLmax=  0.710613E+27 UNLmax=  0.623053E+21 nnod=  2617 r= 1
[1,7]<stdout>:[NLOC_DBG] cy=  1771 VNLmax=  0.445251E+25 UNLmax=  0.460534E+19 nnod=  2576 r= 7
[1,5]<stdout>:[NLOC_DBG] cy=  1771 VNLmax=  0.224091E+25 UNLmax=  0.231784E+19 nnod=  2560 r= 5
[1,3]<stdout>:[NLOC_DBG] cy=  1771 VNLmax=  0.880105E+27 UNLmax=  0.771660E+21 nnod=  2651 r= 3
[1,0]<stdout>:[NLOC_DBG] cy=  1771 VNLmax=  0.863321E+27 UNLmax=  0.756944E+21 nnod=  2578 r= 0
[1,0]<stdout>:        1771 CHECKSUM:  -670057988
[1,5]<stdout>:[NLOC_DBG] cy=  1772 VNLmax=  0.230053E+25 UNLmax=  0.237950E+19 nnod=  2560 r= 5
[1,3]<stdout>:[NLOC_DBG] cy=  1772 VNLmax=  0.907860E+27 UNLmax=  0.795995E+21 nnod=  2651 r= 3
[1,6]<stdout>:[NLOC_DBG] cy=  1772 VNLmax=  0.636199E+24 UNLmax=  0.679156E+18 nnod=  2537 r= 6
[1,2]<stdout>:[NLOC_DBG] cy=  1772 VNLmax=  0.214426E+24 UNLmax=  0.210923E+18 nnod=  2621 r= 2
[1,4]<stdout>:[NLOC_DBG] cy=  1772 VNLmax=  0.275407E+25 UNLmax=  0.284861E+19 nnod=  2615 r= 4
[1,1]<stdout>:[NLOC_DBG] cy=  1772 VNLmax=  0.733023E+27 UNLmax=  0.642701E+21 nnod=  2617 r= 1
[1,7]<stdout>:[NLOC_DBG] cy=  1772 VNLmax=  0.457096E+25 UNLmax=  0.472787E+19 nnod=  2576 r= 7
[1,0]<stdout>:[NLOC_DBG] cy=  1772 VNLmax=  0.890547E+27 UNLmax=  0.780815E+21 nnod=  2578 r= 0
[1,0]<stdout>:        1772 CHECKSUM:  -670057988
[1,7]<stdout>:[NLOC_DBG] cy=  1773 VNLmax=  0.469257E+25 UNLmax=  0.485365E+19 nnod=  2576 r= 7
[1,5]<stdout>:[NLOC_DBG] cy=  1773 VNLmax=  0.236174E+25 UNLmax=  0.244281E+19 nnod=  2560 r= 5
[1,3]<stdout>:[NLOC_DBG] cy=  1773 VNLmax=  0.936491E+27 UNLmax=  0.821098E+21 nnod=  2651 r= 3
[1,6]<stdout>:[NLOC_DBG] cy=  1773 VNLmax=  0.652585E+24 UNLmax=  0.696649E+18 nnod=  2537 r= 6
[1,2]<stdout>:[NLOC_DBG] cy=  1773 VNLmax=  0.220490E+24 UNLmax=  0.216834E+18 nnod=  2621 r= 2
[1,4]<stdout>:[NLOC_DBG] cy=  1773 VNLmax=  0.282734E+25 UNLmax=  0.292440E+19 nnod=  2615 r= 4
[1,1]<stdout>:[NLOC_DBG] cy=  1773 VNLmax=  0.756140E+27 UNLmax=  0.662970E+21 nnod=  2617 r= 1
[1,0]<stdout>:[NLOC_DBG] cy=  1773 VNLmax=  0.918631E+27 UNLmax=  0.805439E+21 nnod=  2578 r= 0
[1,0]<stdout>:        1773 CHECKSUM:  -670057988
[1,1]<stdout>:[NLOC_DBG] cy=  1774 VNLmax=  0.779986E+27 UNLmax=  0.683877E+21 nnod=  2617 r= 1
[1,7]<stdout>:[NLOC_DBG] cy=  1774 VNLmax=  0.481742E+25 UNLmax=  0.498278E+19 nnod=  2576 r= 7
[1,5]<stdout>:[NLOC_DBG] cy=  1774 VNLmax=  0.242457E+25 UNLmax=  0.250780E+19 nnod=  2560 r= 5
[1,3]<stdout>:[NLOC_DBG] cy=  1774 VNLmax=  0.966024E+27 UNLmax=  0.846992E+21 nnod=  2651 r= 3
[1,6]<stdout>:[NLOC_DBG] cy=  1774 VNLmax=  0.669393E+24 UNLmax=  0.714592E+18 nnod=  2537 r= 6
[1,2]<stdout>:[NLOC_DBG] cy=  1774 VNLmax=  0.226728E+24 UNLmax=  0.222911E+18 nnod=  2621 r= 2
[1,4]<stdout>:[NLOC_DBG] cy=  1774 VNLmax=  0.290256E+25 UNLmax=  0.300220E+19 nnod=  2615 r= 4
[1,0]<stdout>:[NLOC_DBG] cy=  1774 VNLmax=  0.947601E+27 UNLmax=  0.830839E+21 nnod=  2578 r= 0
[1,0]<stdout>:        1774 CHECKSUM:  -670057988
[1,1]<stdout>:[NLOC_DBG] cy=  1775 VNLmax=  0.804583E+27 UNLmax=  0.705444E+21 nnod=  2617 r= 1
[1,7]<stdout>:[NLOC_DBG] cy=  1775 VNLmax=  0.494559E+25 UNLmax=  0.511535E+19 nnod=  2576 r= 7
[1,3]<stdout>:[NLOC_DBG] cy=  1775 VNLmax=  0.996489E+27 UNLmax=  0.873703E+21 nnod=  2651 r= 3
[1,6]<stdout>:[NLOC_DBG] cy=  1775 VNLmax=  0.686634E+24 UNLmax=  0.732997E+18 nnod=  2537 r= 6
[1,2]<stdout>:[NLOC_DBG] cy=  1775 VNLmax=  0.233144E+24 UNLmax=  0.229160E+18 nnod=  2621 r= 2
[1,4]<stdout>:[NLOC_DBG] cy=  1775 VNLmax=  0.297979E+25 UNLmax=  0.308207E+19 nnod=  2615 r= 4
[1,5]<stdout>:[NLOC_DBG] cy=  1775 VNLmax=  0.248908E+25 UNLmax=  0.257452E+19 nnod=  2560 r= 5
[1,0]<stdout>:[NLOC_DBG] cy=  1775 VNLmax=  0.977485E+27 UNLmax=  0.857041E+21 nnod=  2578 r= 0
[1,0]<stdout>:        1775 CHECKSUM:  -670057988
[1,2]<stdout>:[NLOC_DBG] cy=  1776 VNLmax=  0.239744E+24 UNLmax=  0.235587E+18 nnod=  2621 r= 2
[1,5]<stdout>:[NLOC_DBG] cy=  1776 VNLmax=  0.255530E+25 UNLmax=  0.264301E+19 nnod=  2560 r= 5
[1,1]<stdout>:[NLOC_DBG] cy=  1776 VNLmax=  0.829957E+27 UNLmax=  0.727691E+21 nnod=  2617 r= 1
[1,4]<stdout>:[NLOC_DBG] cy=  1776 VNLmax=  0.305906E+25 UNLmax=  0.316407E+19 nnod=  2615 r= 4
[1,7]<stdout>:[NLOC_DBG] cy=  1776 VNLmax=  0.507716E+25 UNLmax=  0.525144E+19 nnod=  2576 r= 7
[1,3]<stdout>:[NLOC_DBG] cy=  1776 VNLmax=  0.102791E+28 UNLmax=  0.901256E+21 nnod=  2651 r= 3
[1,6]<stdout>:[NLOC_DBG] cy=  1776 VNLmax=  0.704319E+24 UNLmax=  0.751876E+18 nnod=  2537 r= 6
[1,0]<stdout>:[NLOC_DBG] cy=  1776 VNLmax=  0.100831E+28 UNLmax=  0.884069E+21 nnod=  2578 r= 0
[1,0]<stdout>:        1776 CHECKSUM:  -670057988
[1,6]<stdout>:[NLOC_DBG] cy=  1777 VNLmax=  0.722460E+24 UNLmax=  0.771242E+18 nnod=  2537 r= 6
[1,2]<stdout>:[NLOC_DBG] cy=  1777 VNLmax=  0.246532E+24 UNLmax=  0.242195E+18 nnod=  2621 r= 2
[1,5]<stdout>:[NLOC_DBG] cy=  1777 VNLmax=  0.262328E+25 UNLmax=  0.271333E+19 nnod=  2560 r= 5
[1,1]<stdout>:[NLOC_DBG] cy=  1777 VNLmax=  0.856131E+27 UNLmax=  0.750640E+21 nnod=  2617 r= 1
[1,4]<stdout>:[NLOC_DBG] cy=  1777 VNLmax=  0.314045E+25 UNLmax=  0.324825E+19 nnod=  2615 r= 4
[1,7]<stdout>:[NLOC_DBG] cy=  1777 VNLmax=  0.521224E+25 UNLmax=  0.539116E+19 nnod=  2576 r= 7
[1,3]<stdout>:[NLOC_DBG] cy=  1777 VNLmax=  0.106033E+28 UNLmax=  0.929679E+21 nnod=  2651 r= 3
[1,0]<stdout>:[NLOC_DBG] cy=  1777 VNLmax=  0.104011E+28 UNLmax=  0.911949E+21 nnod=  2578 r= 0
[1,3]<stdout>: FAILURE (LEMAITRE) OF SHELL ELEMENT      13053 ,GAUSS PT 1 ,INTEGRATION PT  1
[1,3]<stdout>: FAILURE (LEMAITRE) OF SHELL ELEMENT      13053 ,GAUSS PT 1 ,INTEGRATION PT  2
[1,3]<stdout>: FAILURE (LEMAITRE) OF SHELL ELEMENT      13053 ,GAUSS PT 1 ,INTEGRATION PT  3
[1,3]<stdout>: FAILURE (LEMAITRE) OF SHELL ELEMENT      13053 ,GAUSS PT 1 ,INTEGRATION PT  4
[1,3]<stdout>: FAILURE (LEMAITRE) OF SHELL ELEMENT      13053 ,GAUSS PT 1 ,INTEGRATION PT  5
[1,3]<stdout>: -- RUPTURE (LEMAITRE) OF SHELL ELEMENT :     13053 AT TIME : 0.4763E-04
[1,0]<stdout>:        1777 CHECKSUM:  1458323310
[1,3]<stdout>:[NLOC_DBG] cy=  1778 VNLmax=  0.390835E+47 UNLmax=  0.929679E+21 nnod=  2651 r= 3
[1,6]<stdout>:[NLOC_DBG] cy=  1778 VNLmax=  0.731764E+24 UNLmax=  0.771242E+18 nnod=  2537 r= 6
[1,2]<stdout>:[NLOC_DBG] cy=  1778 VNLmax=  0.250023E+24 UNLmax=  0.242195E+18 nnod=  2621 r= 2
[1,5]<stdout>:[NLOC_DBG] cy=  1778 VNLmax=  0.265818E+25 UNLmax=  0.271333E+19 nnod=  2560 r= 5
[1,1]<stdout>:[NLOC_DBG] cy=  1778 VNLmax=  0.869630E+27 UNLmax=  0.750640E+21 nnod=  2617 r= 1
[1,4]<stdout>:[NLOC_DBG] cy=  1778 VNLmax=  0.391768E+47 UNLmax=  0.324825E+19 nnod=  2615 r= 4
[1,7]<stdout>:[NLOC_DBG] cy=  1778 VNLmax=  0.528158E+25 UNLmax=  0.539116E+19 nnod=  2576 r= 7
[1,0]<stdout>:[NLOC_DBG] cy=  1778 VNLmax=  0.105651E+28 UNLmax=  0.911949E+21 nnod=  2578 r= 0
[1,3]<stdout>: FAILURE (LEMAITRE) OF SHELL ELEMENT      17125 ,GAUSS PT 1 ,INTEGRATION PT  1
[1,3]<stdout>: FAILURE (LEMAITRE) OF SHELL ELEMENT      17125 ,GAUSS PT 1 ,INTEGRATION PT  2
[1,3]<stdout>: FAILURE (LEMAITRE) OF SHELL ELEMENT      17125 ,GAUSS PT 1 ,INTEGRATION PT  3
[1,3]<stdout>: FAILURE (LEMAITRE) OF SHELL ELEMENT      17125 ,GAUSS PT 1 ,INTEGRATION PT  4
[1,3]<stdout>: FAILURE (LEMAITRE) OF SHELL ELEMENT      17125 ,GAUSS PT 1 ,INTEGRATION PT  5
[1,3]<stdout>: -- RUPTURE (LEMAITRE) OF SHELL ELEMENT :     17125 AT TIME : 0.4763E-04
[1,3]<stdout>: FAILURE (LEMAITRE) OF SHELL ELEMENT      19285 ,GAUSS PT 1 ,INTEGRATION PT  1
[1,3]<stdout>: FAILURE (LEMAITRE) OF SHELL ELEMENT      19285 ,GAUSS PT 1 ,INTEGRATION PT  2
[1,3]<stdout>: FAILURE (LEMAITRE) OF SHELL ELEMENT      19285 ,GAUSS PT 1 ,INTEGRATION PT  3
[1,3]<stdout>: FAILURE (LEMAITRE) OF SHELL ELEMENT      19285 ,GAUSS PT 1 ,INTEGRATION PT  4
[1,3]<stdout>: FAILURE (LEMAITRE) OF SHELL ELEMENT      19285 ,GAUSS PT 1 ,INTEGRATION PT  5
[1,3]<stdout>: -- RUPTURE (LEMAITRE) OF SHELL ELEMENT :     19285 AT TIME : 0.4763E-04
[1,0]<stdout>:     DEBUG ANALYSIS NLOCAL FILE : PUNCH_NLOCAL_04MM_NLOCAL_0001_0001 WRITTEN
[1,0]<stdout>:        1778 CHECKSUM:  -816452122
[1,0]<stdout>:     DEBUG ANALYSIS FILE: PUNCH_NLOCAL_04MM_0001_0001778.adb WRITTEN
[1,7]<stdout>:[NLOC_DBG] cy=  1779 VNLmax=  0.528158E+25 UNLmax=  0.539116E+19 nnod=  2576 r= 7
[1,3]<stdout>:[NLOC_DBG] cy=  1779 VNLmax=  0.390835E+47 UNLmax=  0.929679E+21 nnod=  2651 r= 3
[1,6]<stdout>:[NLOC_DBG] cy=  1779 VNLmax=  0.731764E+24 UNLmax=  0.771242E+18 nnod=  2537 r= 6
[1,2]<stdout>:[NLOC_DBG] cy=  1779 VNLmax=  0.250023E+24 UNLmax=  0.242195E+18 nnod=  2621 r= 2
[1,5]<stdout>:[NLOC_DBG] cy=  1779 VNLmax=  0.265818E+25 UNLmax=  0.271333E+19 nnod=  2560 r= 5
[1,1]<stdout>:[NLOC_DBG] cy=  1779 VNLmax=  0.869630E+27 UNLmax=  0.750640E+21 nnod=  2617 r= 1
[1,4]<stdout>:[NLOC_DBG] cy=  1779 VNLmax=  0.391768E+47 UNLmax=  0.324825E+19 nnod=  2615 r= 4
[1,0]<stdout>:[NLOC_DBG] cy=  1779 VNLmax=  0.105651E+28 UNLmax=  0.911949E+21 nnod=  2578 r= 0
[1,0]<stdout>:        1779 CHECKSUM: -1363091621
[1,4]<stdout>:[NLOC_DBG] cy=  1780 VNLmax=  0.391768E+47 UNLmax=  0.324825E+19 nnod=  2615 r= 4
[1,7]<stdout>:[NLOC_DBG] cy=  1780 VNLmax=  0.528158E+25 UNLmax=  0.539116E+19 nnod=  2576 r= 7
[1,3]<stdout>:[NLOC_DBG] cy=  1780 VNLmax=  0.390835E+47 UNLmax=  0.929679E+21 nnod=  2651 r= 3
[1,6]<stdout>:[NLOC_DBG] cy=  1780 VNLmax=  0.731764E+24 UNLmax=  0.771242E+18 nnod=  2537 r= 6
[1,2]<stdout>:[NLOC_DBG] cy=  1780 VNLmax=  0.250023E+24 UNLmax=  0.242195E+18 nnod=  2621 r= 2
[1,5]<stdout>:[NLOC_DBG] cy=  1780 VNLmax=  0.265818E+25 UNLmax=  0.271333E+19 nnod=  2560 r= 5
[1,1]<stdout>:[NLOC_DBG] cy=  1780 VNLmax=  0.869630E+27 UNLmax=  0.750640E+21 nnod=  2617 r= 1
[1,0]<stdout>:[NLOC_DBG] cy=  1780 VNLmax=  0.105651E+28 UNLmax=  0.911949E+21 nnod=  2578 r= 0
[1,0]<stdout>:        1780 CHECKSUM:  -644942642
[1,1]<stdout>:[NLOC_DBG] cy=  1781 VNLmax=  0.869630E+27 UNLmax=  0.750640E+21 nnod=  2617 r= 1
[1,4]<stdout>:[NLOC_DBG] cy=  1781 VNLmax=  0.391768E+47 UNLmax=  0.324825E+19 nnod=  2615 r= 4
[1,7]<stdout>:[NLOC_DBG] cy=  1781 VNLmax=  0.528158E+25 UNLmax=  0.539116E+19 nnod=  2576 r= 7
[1,3]<stdout>:[NLOC_DBG] cy=  1781 VNLmax=  0.390835E+47 UNLmax=  0.929679E+21 nnod=  2651 r= 3
[1,6]<stdout>:[NLOC_DBG] cy=  1781 VNLmax=  0.731764E+24 UNLmax=  0.771242E+18 nnod=  2537 r= 6
[1,2]<stdout>:[NLOC_DBG] cy=  1781 VNLmax=  0.250023E+24 UNLmax=  0.242195E+18 nnod=  2621 r= 2
[1,5]<stdout>:[NLOC_DBG] cy=  1781 VNLmax=  0.265818E+25 UNLmax=  0.271333E+19 nnod=  2560 r= 5
[1,0]<stdout>:[NLOC_DBG] cy=  1781 VNLmax=  0.105651E+28 UNLmax=  0.911949E+21 nnod=  2578 r= 0
[1,0]<stdout>:        1781 CHECKSUM:   -22175090
[1,5]<stdout>:[NLOC_DBG] cy=  1782 VNLmax=  0.265818E+25 UNLmax=  0.271333E+19 nnod=  2560 r= 5
[1,1]<stdout>:[NLOC_DBG] cy=  1782 VNLmax=  0.869630E+27 UNLmax=  0.750640E+21 nnod=  2617 r= 1
[1,4]<stdout>:[NLOC_DBG] cy=  1782 VNLmax=  0.391768E+47 UNLmax=  0.324825E+19 nnod=  2615 r= 4
[1,7]<stdout>:[NLOC_DBG] cy=  1782 VNLmax=  0.528158E+25 UNLmax=  0.539116E+19 nnod=  2576 r= 7
[1,3]<stdout>:[NLOC_DBG] cy=  1782 VNLmax=  0.390835E+47 UNLmax=  0.929679E+21 nnod=  2651 r= 3
[1,2]<stdout>:[NLOC_DBG] cy=  1782 VNLmax=  0.250023E+24 UNLmax=  0.242195E+18 nnod=  2621 r= 2
[1,6]<stdout>:[NLOC_DBG] cy=  1782 VNLmax=  0.731764E+24 UNLmax=  0.771242E+18 nnod=  2537 r= 6
[1,0]<stdout>:[NLOC_DBG] cy=  1782 VNLmax=  0.105651E+28 UNLmax=  0.911949E+21 nnod=  2578 r= 0
[1,0]<stdout>:        1782 CHECKSUM: -2032849991
[1,6]<stdout>:[NLOC_DBG] cy=  1783 VNLmax=  0.731764E+24 UNLmax=  0.771242E+18 nnod=  2537 r= 6
[1,5]<stdout>:[NLOC_DBG] cy=  1783 VNLmax=  0.265818E+25 UNLmax=  0.271333E+19 nnod=  2560 r= 5
[1,1]<stdout>:[NLOC_DBG] cy=  1783 VNLmax=  0.869630E+27 UNLmax=  0.750640E+21 nnod=  2617 r= 1
[1,4]<stdout>:[NLOC_DBG] cy=  1783 VNLmax=  0.391768E+47 UNLmax=  0.324825E+19 nnod=  2615 r= 4
[1,7]<stdout>:[NLOC_DBG] cy=  1783 VNLmax=  0.528158E+25 UNLmax=  0.539116E+19 nnod=  2576 r= 7
[1,2]<stdout>:[NLOC_DBG] cy=  1783 VNLmax=  0.250023E+24 UNLmax=  0.242195E+18 nnod=  2621 r= 2
[1,3]<stdout>:[NLOC_DBG] cy=  1783 VNLmax=  0.390835E+47 UNLmax=  0.929679E+21 nnod=  2651 r= 3
[1,0]<stdout>:[NLOC_DBG] cy=  1783 VNLmax=  0.105651E+28 UNLmax=  0.911949E+21 nnod=  2578 r= 0
[1,3]<stdout>:[NLOC_DBG] cy=  1784 VNLmax=  0.390835E+47 UNLmax=  0.929679E+21 nnod=  2651 r= 3
[1,0]<stdout>:        1783 CHECKSUM: -1804988945
[1,5]<stdout>:[NLOC_DBG] cy=  1784 VNLmax=  0.265818E+25 UNLmax=  0.271333E+19 nnod=  2560 r= 5
[1,1]<stdout>:[NLOC_DBG] cy=  1784 VNLmax=  0.869630E+27 UNLmax=  0.750640E+21 nnod=  2617 r= 1
[1,4]<stdout>:[NLOC_DBG] cy=  1784 VNLmax=  0.391768E+47 UNLmax=  0.324825E+19 nnod=  2615 r= 4
[1,7]<stdout>:[NLOC_DBG] cy=  1784 VNLmax=  0.528158E+25 UNLmax=  0.539116E+19 nnod=  2576 r= 7
[1,2]<stdout>:[NLOC_DBG] cy=  1784 VNLmax=  0.250023E+24 UNLmax=  0.242195E+18 nnod=  2621 r= 2
[1,6]<stdout>:[NLOC_DBG] cy=  1784 VNLmax=  0.731764E+24 UNLmax=  0.771242E+18 nnod=  2537 r= 6
[1,0]<stdout>:[NLOC_DBG] cy=  1784 VNLmax=  0.105651E+28 UNLmax=  0.911949E+21 nnod=  2578 r= 0
[1,0]<stdout>:        1784 CHECKSUM: -1573838333
[1,2]<stdout>:[NLOC_DBG] cy=  1785 VNLmax=  0.250023E+24 UNLmax=  0.242195E+18 nnod=  2621 r= 2
[1,6]<stdout>:[NLOC_DBG] cy=  1785 VNLmax=  0.731764E+24 UNLmax=  0.771242E+18 nnod=  2537 r= 6
[1,5]<stdout>:[NLOC_DBG] cy=  1785 VNLmax=  0.265818E+25 UNLmax=  0.271333E+19 nnod=  2560 r= 5
[1,1]<stdout>:[NLOC_DBG] cy=  1785 VNLmax=  0.869630E+27 UNLmax=  0.750640E+21 nnod=  2617 r= 1
[1,4]<stdout>:[NLOC_DBG] cy=  1785 VNLmax=  0.391768E+47 UNLmax=  0.324825E+19 nnod=  2615 r= 4
[1,7]<stdout>:[NLOC_DBG] cy=  1785 VNLmax=  0.528158E+25 UNLmax=  0.539116E+19 nnod=  2576 r= 7
[1,3]<stdout>:[NLOC_DBG] cy=  1785 VNLmax=  0.390835E+47 UNLmax=  0.929679E+21 nnod=  2651 r= 3
[1,0]<stdout>:[NLOC_DBG] cy=  1785 VNLmax=  0.105651E+28 UNLmax=  0.911949E+21 nnod=  2578 r= 0
[1,0]<stdout>:        1785 CHECKSUM:   528777747
[1,0]<stdout>:        1786 CHECKSUM:  -343668544
[1,0]<stdout>:        1787 CHECKSUM: -1849298465
[1,0]<stdout>:        1788 CHECKSUM:   426268098
[1,0]<stdout>:        1789 CHECKSUM: -1424317075
[1,0]<stdout>:        1790 CHECKSUM:  1652745577
[1,0]<stdout>:  
[1,0]<stdout>:                           ** CPU USER TIME **
[1,0]<stdout>:  
[1,0]<stdout>:  
[1,0]<stdout>:                        ** SUMMARY **
[1,0]<stdout>:  
[1,0]<stdout>: #PROC  ELEMENT   KINCOND   INTEG     IO        T0        ASM       RESOL    
[1,0]<stdout>:   1   .3621E+01 .1019E+00 .3110E+00 .3111E+01 .3173E+01 .1776E+00 .1109E+02
[1,0]<stdout>:   2   .3752E+01 .1008E+00 .3165E+00 .3218E+01 .9496E+00 .1804E+00 .9808E+01
[1,0]<stdout>:   3   .3777E+01 .1019E+00 .3209E+00 .3230E+01 .9971E+00 .1816E+00 .9814E+01
[1,0]<stdout>:   4   .3868E+01 .1033E+00 .3253E+00 .3245E+01 .9697E+00 .1894E+00 .9836E+01
[1,0]<stdout>:   5   .3764E+01 .1029E+00 .3201E+00 .3226E+01 .9602E+00 .1835E+00 .9793E+01
[1,0]<stdout>:   6   .3695E+01 .1077E+00 .3078E+00 .3235E+01 .9793E+00 .1768E+00 .9828E+01
[1,0]<stdout>:   7   .3645E+01 .1094E+00 .3075E+00 .3230E+01 .1014E+01 .1767E+00 .9847E+01
[1,0]<stdout>:   8   .3636E+01 .1101E+00 .3084E+00 .3238E+01 .9817E+00 .1827E+00 .9845E+01
[1,0]<stdout>:  
[1,0]<stdout>:                 ** SPMD COM. TIME **
[1,0]<stdout>:  
[1,0]<stdout>: #PROC  FORCES    RBYFOR    RBYVEL    VEL       TOT       %        
[1,0]<stdout>:   1   .2058E+00 .0000E+00 .0000E+00 .3330E-02 .2092E+00 .1886E+01
[1,0]<stdout>:   2   .1679E+00 .0000E+00 .0000E+00 .3376E-02 .1713E+00 .1746E+01
[1,0]<stdout>:   3   .5673E+00 .0000E+00 .0000E+00 .3469E-02 .5708E+00 .5816E+01
[1,0]<stdout>:   4   .5221E+00 .0000E+00 .0000E+00 .3313E-02 .5254E+00 .5342E+01
[1,0]<stdout>:   5   .6188E+00 .0000E+00 .0000E+00 .3409E-02 .6222E+00 .6354E+01
[1,0]<stdout>:   6   .7082E+00 .0000E+00 .0000E+00 .3736E-02 .7120E+00 .7244E+01
[1,0]<stdout>:   7   .8337E+00 .0000E+00 .0000E+00 .3719E-02 .8375E+00 .8505E+01
[1,0]<stdout>:   8   .7143E+00 .0000E+00 .0000E+00 .3585E-02 .7179E+00 .7291E+01
[1,0]<stdout>: 
[1,0]<stdout>:                   ** CUMULATIVE CPU TIME SUMMARY **
[1,0]<stdout>:  
[1,0]<stdout>: CONTACT SORTING.............: .0000E+00     0.00 % 
[1,0]<stdout>: CONTACT FORCES..............: .6418E+00     0.80 % 
[1,0]<stdout>: ELEMENT FORCES..............: .2976E+02    37.26 % 
[1,0]<stdout>: KINEMATIC COND..............: .8380E+00     1.05 % 
[1,0]<stdout>: INTEGRATION.................: .2518E+01     3.15 % 
[1,0]<stdout>: ASSEMBLING..................: .1449E+01     1.81 % 
[1,0]<stdout>: OTHERS (including I/O)......: .4466E+02    55.92 % 
[1,0]<stdout>: TOTAL.......................: .7986E+02   100.00 % 
[1,0]<stdout>:  
[1,0]<stdout>:                   ** MEMORY USAGE STATISTICS **
[1,0]<stdout>:  
[1,0]<stdout>: TOTAL MEMORY USED .........................:      495 MB
[1,0]<stdout>: MAXIMUM MEMORY PER PROCESSOR...............:       62 MB
[1,0]<stdout>: MINIMUM MEMORY PER PROCESSOR...............:       61 MB
[1,0]<stdout>: AVERAGE MEMORY PER PROCESSOR...............:       61 MB
[1,0]<stdout>:  
[1,0]<stdout>:                   ** DISK USAGE STATISTICS **
[1,0]<stdout>:  
[1,0]<stdout>: TOTAL DISK SPACE USED .....................:          0 MB
[1,0]<stdout>: ANIMATION/H3D/TH/OUTP SIZE ................:          0 MB
[1,0]<stdout>: RESTART FILE SIZE .........................:          0 MB
[1,0]<stdout>:  
[1,0]<stdout>: ELAPSED TIME     =         14.71 s
[1,0]<stdout>:                          0:00:14
[1,0]<stdout>: ESTIMATED SPEEDUP=          5.43
[1,0]<stdout>:  
[1,0]<stdout>:     NORMAL TERMINATION      
[1,0]<stdout>:     USER BREAK 
[1,0]<stdout>:     TOTAL NUMBER OF CYCLES  :    1791
