[1,0]<stdout>:************************************************************************
[1,0]<stdout>:**                                                                    **
[1,0]<stdout>:**                                                                    **
[1,0]<stdout>:**                         OpenRadioss Engine                         **
[1,0]<stdout>:**                                                                    **
[1,0]<stdout>:**            Non-linear Finite Element Analysis Software             **
[1,0]<stdout>:**                                                                    **
[1,0]<stdout>:**                                                                    **
[1,0]<stdout>:**                                                                    **
[1,0]<stdout>:**                Linux 64 bits, GNU compiler, OpenMPI                **
[1,0]<stdout>:**                      Double Precision Version                      **
[1,0]<stdout>:**                                                                    **
[1,0]<stdout>:**                                                                    **
[1,0]<stdout>:**                                                                    **
[1,0]<stdout>:************************************************************************
[1,0]<stdout>:** OpenRadioss Software                                               **
[1,0]<stdout>:** COPYRIGHT (C) 1986-2026 Altair Engineering, Inc.                   **
[1,0]<stdout>:** Licensed under GNU Affero General Public License.                  **
[1,0]<stdout>:** See License file.                                                  **
[1,0]<stdout>:************************************************************************
[1,0]<stdout>: 
[1,0]<stdout>: ROOT: PUNCH_NLOCAL_04MM  RESTART: 0001
[1,0]<stdout>: NUMBER OF HMPP PROCESSES     8
[1,0]<stdout>: 24/06/2026
[1,3]<stdout>:[NLOC_NBCC] r= 3 <-> r= 0 send=     370 recv=     370
[1,3]<stdout>:[NLOC_NBCC] r= 3 <-> r= 1 send=     215 recv=     215
[1,3]<stdout>:[NLOC_NBCC] r= 3 <-> r= 2 send=     915 recv=     910
[1,3]<stdout>:[NLOC_NBCC] r= 3 <-> r= 4 send=     145 recv=     145
[1,3]<stdout>:[NLOC_NBCC] r= 3 <-> r= 7 send=     840 recv=     840
[1,4]<stdout>:[NLOC_NBCC] r= 4 <-> r= 0 send=     815 recv=     810
[1,4]<stdout>:[NLOC_NBCC] r= 4 <-> r= 3 send=     145 recv=     145
[1,4]<stdout>:[NLOC_NBCC] r= 4 <-> r= 5 send=     850 recv=     855
[1,4]<stdout>:[NLOC_NBCC] r= 4 <-> r= 7 send=     295 recv=     290
[1,7]<stdout>:[NLOC_NBCC] r= 7 <-> r= 3 send=     840 recv=     840
[1,7]<stdout>:[NLOC_NBCC] r= 7 <-> r= 4 send=     290 recv=     295
[1,7]<stdout>:[NLOC_NBCC] r= 7 <-> r= 5 send=     155 recv=     155
[1,7]<stdout>:[NLOC_NBCC] r= 7 <-> r= 6 send=     860 recv=     860
[1,3]<stdout>:[SPLIT][rank 3] CANDIDATE: parent_uid=10682 ms=      0.0000 shells=709 -160 
[1,3]<stdout>:[SPLIT][rank 3] DETACH_PRE: parent_uid=10682 parent_id=795 ms=      0.0000 X=      0.206816     -0.206816      0.000000
[1,5]<stdout>:[SPLIT][rank 5] CANDIDATE: parent_uid=10710 ms=      0.0000 shells=-154 -156 
[1,5]<stdout>:[SPLIT][rank 5] CANDIDATE: parent_uid=10711 ms=      0.0000 shells=2400 -154 
[1,5]<stdout>:[SPLIT][rank 5] CANDIDATE: parent_uid=10712 ms=      0.0000 shells=2400 2401 
[1,5]<stdout>:[SPLIT][rank 5] CANDIDATE: parent_uid=10713 ms=      0.0000 shells=2397 2401 
[1,5]<stdout>:[SPLIT][rank 5] CANDIDATE: parent_uid=10714 ms=      0.0000 shells=2397 2411 
[1,5]<stdout>:[SPLIT][rank 5] CANDIDATE: parent_uid=10715 ms=      0.0000 shells=2411 2412 
[1,5]<stdout>:[SPLIT][rank 5] CANDIDATE: parent_uid=10716 ms=      0.0000 shells=2408 2412 
[1,5]<stdout>:[SPLIT][rank 5] CANDIDATE: parent_uid=10717 ms=      0.0000 shells=2408 2428 
[1,5]<stdout>:[SPLIT][rank 5] CANDIDATE: parent_uid=10718 ms=      0.0000 shells=2428 2429 
[1,5]<stdout>:[SPLIT][rank 5] CANDIDATE: parent_uid=10719 ms=      0.0000 shells=2425 2429 
[1,5]<stdout>:[SPLIT][rank 5] CANDIDATE: parent_uid=10720 ms=      0.0000 shells=2425 2438 
[1,5]<stdout>:[SPLIT][rank 5] CANDIDATE: parent_uid=10721 ms=      0.0000 shells=2438 2439 
[1,5]<stdout>:[SPLIT][rank 5] CANDIDATE: parent_uid=10722 ms=      0.0000 shells=2435 2439 
[1,4]<stdout>:[SPLIT][rank 4] CANDIDATE: parent_uid=10682 ms=      0.0000 shells=-88 2433 
[1,4]<stdout>:[SPLIT][rank 4] CANDIDATE: parent_uid=10683 ms=      0.0000 shells=2433 2434 
[1,4]<stdout>:[SPLIT][rank 4] CANDIDATE: parent_uid=10684 ms=      0.0000 shells=2427 2434 
[1,4]<stdout>:[SPLIT][rank 4] CANDIDATE: parent_uid=10685 ms=      0.0000 shells=2427 2428 
[1,4]<stdout>:[SPLIT][rank 4] CANDIDATE: parent_uid=10686 ms=      0.0000 shells=2424 2428 
[1,4]<stdout>:[SPLIT][rank 4] CANDIDATE: parent_uid=10687 ms=      0.0000 shells=2424 2444 
[1,4]<stdout>:[SPLIT][rank 4] CANDIDATE: parent_uid=10688 ms=      0.0000 shells=2444 2445 
[1,4]<stdout>:[SPLIT][rank 4] CANDIDATE: parent_uid=10689 ms=      0.0000 shells=2441 2445 
[1,4]<stdout>:[SPLIT][rank 4] CANDIDATE: parent_uid=10690 ms=      0.0000 shells=2441 2451 
[1,4]<stdout>:[SPLIT][rank 4] CANDIDATE: parent_uid=10691 ms=      0.0000 shells=2451 2452 
[1,4]<stdout>:[SPLIT][rank 4] CANDIDATE: parent_uid=10692 ms=      0.0000 shells=2450 2452 
[1,4]<stdout>:[SPLIT][rank 4] CANDIDATE: parent_uid=10693 ms=      0.0000 shells=-191 2450 
[1,4]<stdout>:[SPLIT][rank 4] CANDIDATE: parent_uid=10694 ms=      0.0000 shells=-191 -192 
[1,4]<stdout>:[SPLIT][rank 4] CANDIDATE: parent_uid=10695 ms=      0.0000 shells=-190 -192 
[1,4]<stdout>:[SPLIT][rank 4] CANDIDATE: parent_uid=10696 ms=      0.0000 shells=-190 -195 
[1,4]<stdout>:[SPLIT][rank 4] CANDIDATE: parent_uid=10697 ms=      0.0000 shells=-195 -196 
[1,4]<stdout>:[SPLIT][rank 4] CANDIDATE: parent_uid=10698 ms=      0.0000 shells=-194 -196 
[1,4]<stdout>:[SPLIT][rank 4] CANDIDATE: parent_uid=10699 ms=      0.0000 shells=-185 -194 
[1,4]<stdout>:[SPLIT][rank 4] CANDIDATE: parent_uid=10700 ms=      0.0000 shells=-185 -186 
[1,4]<stdout>:[SPLIT][rank 4] CANDIDATE: parent_uid=10701 ms=      0.0000 shells=-184 -186 
[1,4]<stdout>:[SPLIT][rank 4] CANDIDATE: parent_uid=10702 ms=      0.0000 shells=-184 -188 
[1,4]<stdout>:[SPLIT][rank 4] CANDIDATE: parent_uid=10703 ms=      0.0000 shells=-188 -189 
[1,4]<stdout>:[SPLIT][rank 4] CANDIDATE: parent_uid=10704 ms=      0.0000 shells=-187 -189 
[1,4]<stdout>:[SPLIT][rank 4] CANDIDATE: parent_uid=10705 ms=      0.0000 shells=-187 -208 
[1,4]<stdout>:[SPLIT][rank 4] CANDIDATE: parent_uid=10706 ms=      0.0000 shells=-208 -209 
[1,4]<stdout>:[SPLIT][rank 4] CANDIDATE: parent_uid=10707 ms=      0.0000 shells=-207 -209 
[1,4]<stdout>:[SPLIT][rank 4] CANDIDATE: parent_uid=10708 ms=      0.0000 shells=-207 -210 
[1,4]<stdout>:[SPLIT][rank 4] CANDIDATE: parent_uid=10709 ms=      0.0000 shells=-210 -211 
[1,4]<stdout>:[SPLIT][rank 4] MIRROR_PRE: parent_uid=10682 parent_id=2069 owning_rank=3 ms=      0.0000 X=      0.206816     -0.206816      0.000000
[1,7]<stdout>:[SPLIT][rank 7] CANDIDATE: parent_uid=10693 ms=      0.0000 shells=1220 -110 
[1,7]<stdout>:[SPLIT][rank 7] CANDIDATE: parent_uid=10694 ms=      0.0000 shells=1220 1221 
[1,7]<stdout>:[SPLIT][rank 7] CANDIDATE: parent_uid=10695 ms=      0.0000 shells=1217 1221 
[1,7]<stdout>:[SPLIT][rank 7] CANDIDATE: parent_uid=10696 ms=      0.0000 shells=1217 1238 
[1,7]<stdout>:[SPLIT][rank 7] CANDIDATE: parent_uid=10697 ms=      0.0000 shells=1238 1239 
[1,7]<stdout>:[SPLIT][rank 7] CANDIDATE: parent_uid=10698 ms=      0.0000 shells=1235 1239 
[1,7]<stdout>:[SPLIT][rank 7] CANDIDATE: parent_uid=10699 ms=      0.0000 shells=1148 1235 
[1,7]<stdout>:[SPLIT][rank 7] CANDIDATE: parent_uid=10700 ms=      0.0000 shells=1148 1149 
[1,7]<stdout>:[SPLIT][rank 7] CANDIDATE: parent_uid=10701 ms=      0.0000 shells=1145 1149 
[1,7]<stdout>:[SPLIT][rank 7] CANDIDATE: parent_uid=10702 ms=      0.0000 shells=1145 1166 
[1,7]<stdout>:[SPLIT][rank 7] CANDIDATE: parent_uid=10703 ms=      0.0000 shells=1166 1167 
[1,7]<stdout>:[SPLIT][rank 7] CANDIDATE: parent_uid=10704 ms=      0.0000 shells=1163 1167 
[1,7]<stdout>:[SPLIT][rank 7] CANDIDATE: parent_uid=10705 ms=      0.0000 shells=1163 1546 
[1,7]<stdout>:[SPLIT][rank 7] CANDIDATE: parent_uid=10706 ms=      0.0000 shells=1546 1547 
[1,7]<stdout>:[SPLIT][rank 7] CANDIDATE: parent_uid=10707 ms=      0.0000 shells=1543 1547 
[1,7]<stdout>:[SPLIT][rank 7] CANDIDATE: parent_uid=10708 ms=      0.0000 shells=1543 1564 
[1,7]<stdout>:[SPLIT][rank 7] CANDIDATE: parent_uid=10709 ms=      0.0000 shells=1564 1565 
[1,7]<stdout>:[SPLIT][rank 7] CANDIDATE: parent_uid=10710 ms=      0.0000 shells=1561 1565 
[1,7]<stdout>:[SPLIT][rank 7] CANDIDATE: parent_uid=10711 ms=      0.0000 shells=-120 1561 
[1,7]<stdout>:[SPLIT][rank 7] DETACH_PRE: parent_uid=10693 parent_id=1344 ms=      0.0000 X=      2.478668     -2.478668      0.000000
[1,5]<stdout>:[SPLIT][rank 5] PHASE2_GHOST: parent_uid=10710 owning_rank=7 ms_placeholder=    0.000000
[1,5]<stdout>:[SPLIT][rank 5] DETACH_PRE: parent_uid=10711 parent_id=2064 ms=      0.0000 X=      6.155585     -6.155585      0.000000
[1,4]<stdout>:[SPLIT_VNL][rank 4] uid=10682 old=2069 new=2605 n_contrib=1 n_remain=2 n_ghost=0 f_retain= 0.500 f_detach= 0.500
[1,3]<stdout>:[SPLIT_VNL][rank 3] uid=10682 old=795 new=2652 n_contrib=1 n_remain=0 n_ghost=1 f_retain= 0.500 f_detach= 0.500
[1,7]<stdout>:[SPLIT_VNL][rank 7] uid=10693 old=1344 new=2559 n_contrib=1 n_remain=0 n_ghost=1 f_retain= 0.500 f_detach= 0.500
[1,5]<stdout>:[SPLIT_VNL][rank 5] uid=10711 old=2064 new=2551 n_contrib=1 n_remain=2 n_ghost=1 f_retain= 0.500 f_detach= 0.500
[1,4]<stdout>:[NLOC][rank 4] GHOST_PARTIAL old=2069 new=2605 parent_total=4 parent_n_remote=1 N_prime_remote=1 owner_proc=4
[1,4]<stdout>:[NLOC_ROWS][rank 4] GHOST parent nl_idx=2069 rows=3 N_prime new_nnod=2604 rows=1
[1,4]<stdout>:[NLOC_PROCNE][rank 4] N_prime row 10330 proc=1002937505
[1,5]<stdout>:[NLOC][rank 5] PARTIAL old=2064 new=2551 parent_total=4 n_contrib=1 n_remain=2 parent_n_remote=1
[1,5]<stdout>:[NLOC_ROWS][rank 5] OWNER parent nl_idx=2064 rows=4 N_prime new_nnod=2549 rows=2
[1,5]<stdout>:[NLOC_PROCNE][rank 5] N_prime row 10087 proc=8
[1,5]<stdout>:[NLOC_PROCNE][rank 5] N_prime row 10088 proc=6
[1,5]<stdout>:[NLOC_PROCNE][rank 5] parent row 8147 proc=6
[1,5]<stdout>:[NLOC_PROCNE][rank 5] parent row 8148 proc=6
[1,5]<stdout>:[NLOC_PROCNE][rank 5] parent row 8149 proc=8
[1,5]<stdout>:[NLOC_PROCNE][rank 5] parent row 8150 proc=6
[1,5]<stdout>:[SPLIT][rank 5] DETACH_POST: parent_uid=10711 ms_parent=      0.0000 ms_new=      0.0000
[1,5]<stdout>:[SPLIT][rank 5] PHASE2_DETACH: parent_uid=10711 local_shells=1 ms_parent=    0.000000 ms_new=    0.000000
[1,5]<stdout>:[SPLIT][rank 5] DETACH_PRE: parent_uid=10712 parent_id=2061 ms=      0.0000 X=      6.357227     -6.357227      0.000000
[1,3]<stdout>:[NLOC][rank 3] PARTIAL old=795 new=2652 parent_total=4 n_contrib=1 n_remain=0 parent_n_remote=3
[1,3]<stdout>:[NLOC_ROWS][rank 3] OWNER parent nl_idx=795 rows=4 N_prime new_nnod=2651 rows=2
[1,3]<stdout>:[NLOC_PROCNE][rank 3] N_prime row 10554 proc=5
[1,3]<stdout>:[NLOC_PROCNE][rank 3] N_prime row 10555 proc=10625
[1,3]<stdout>:[NLOC_PROCNE][rank 3] parent row 3130 proc=5
[1,3]<stdout>:[NLOC_PROCNE][rank 3] parent row 3131 proc=4
[1,3]<stdout>:[NLOC_PROCNE][rank 3] parent row 3132 proc=5
[1,3]<stdout>:[NLOC_PROCNE][rank 3] parent row 3133 proc=4
[1,3]<stdout>:[SPLIT][rank 3] DETACH_POST: parent_uid=10682 ms_parent=      0.0000 ms_new=      0.0000
[1,3]<stdout>:[SPLIT][rank 3] PHASE2_DETACH: parent_uid=10682 local_shells=1 ms_parent=    0.000000 ms_new=    0.000000
[1,7]<stdout>:[NLOC][rank 7] PARTIAL old=1344 new=2559 parent_total=4 n_contrib=1 n_remain=0 parent_n_remote=3
[1,7]<stdout>:[NLOC_ROWS][rank 7] OWNER parent nl_idx=1344 rows=4 N_prime new_nnod=2558 rows=2
[1,7]<stdout>:[NLOC_PROCNE][rank 7] N_prime row 10156 proc=5
[1,7]<stdout>:[NLOC_PROCNE][rank 7] N_prime row 10157 proc=8
[1,7]<stdout>:[NLOC_PROCNE][rank 7] parent row 5300 proc=5
[1,7]<stdout>:[NLOC_PROCNE][rank 7] parent row 5301 proc=8
[1,7]<stdout>:[NLOC_PROCNE][rank 7] parent row 5302 proc=5
[1,7]<stdout>:[NLOC_PROCNE][rank 7] parent row 5303 proc=8
[1,7]<stdout>:[SPLIT][rank 7] DETACH_POST: parent_uid=10693 ms_parent=      0.0000 ms_new=      0.0000
[1,7]<stdout>:[SPLIT][rank 7] PHASE2_DETACH: parent_uid=10693 local_shells=1 ms_parent=    0.000000 ms_new=    0.000000
[1,7]<stdout>:[SPLIT][rank 7] DETACH_PRE: parent_uid=10694 parent_id=1347 ms=      0.0000 X=      2.684672     -2.684672      0.000000
[1,4]<stdout>:[SPLIT][rank 4] MIRROR_POST: parent_uid=10682 ms_parent=      0.0000 ms_new=      0.0000
[1,4]<stdout>:[SPLIT][rank 4] PHASE2_MIRROR: parent_uid=10682 local_shells=1 owning_rank=3 ms_parent=    0.000000 ms_new=    0.000000
[1,4]<stdout>:[SPLIT][rank 4] DETACH_PRE: parent_uid=10683 parent_id=2073 ms=      0.0000 X=      0.413628     -0.413628      0.000000
[1,7]<stdout>:[SPLIT_VNL][rank 7] uid=10694 old=1347 new=2560 n_contrib=2 n_remain=0 n_ghost=0 f_retain= 0.500 f_detach= 0.500
[1,5]<stdout>:[SPLIT_VNL][rank 5] uid=10712 old=2061 new=2552 n_contrib=2 n_remain=2 n_ghost=0 f_retain= 0.500 f_detach= 0.500
[1,7]<stdout>:[NLOC][rank 7] PARTIAL old=1347 new=2560 parent_total=4 n_contrib=2 n_remain=0 parent_n_remote=2
[1,7]<stdout>:[NLOC_ROWS][rank 7] OWNER parent nl_idx=1347 rows=4 N_prime new_nnod=2559 rows=2
[1,7]<stdout>:[NLOC_PROCNE][rank 7] N_prime row 10158 proc=8
[1,7]<stdout>:[NLOC_PROCNE][rank 7] N_prime row 10159 proc=51393
[1,7]<stdout>:[NLOC_PROCNE][rank 7] parent row 5312 proc=5
[1,7]<stdout>:[NLOC_PROCNE][rank 7] parent row 5313 proc=8
[1,7]<stdout>:[NLOC_PROCNE][rank 7] parent row 5314 proc=8
[1,7]<stdout>:[NLOC_PROCNE][rank 7] parent row 5315 proc=8
[1,7]<stdout>:[SPLIT][rank 7] DETACH_POST: parent_uid=10694 ms_parent=      0.0000 ms_new=      0.0000
[1,7]<stdout>:[SPLIT][rank 7] PHASE2_DETACH: parent_uid=10694 local_shells=2 ms_parent=    0.000000 ms_new=    0.000000
[1,7]<stdout>:[SPLIT][rank 7] DETACH_PRE: parent_uid=10695 parent_id=1338 ms=      0.0000 X=      2.890451     -2.890451      0.000000
[1,5]<stdout>:[NLOC][rank 5] PARTIAL old=2061 new=2552 parent_total=4 n_contrib=2 n_remain=2 parent_n_remote=0
[1,5]<stdout>:[NLOC_ROWS][rank 5] OWNER parent nl_idx=2061 rows=4 N_prime new_nnod=2550 rows=2
[1,5]<stdout>:[NLOC_PROCNE][rank 5] N_prime row 10089 proc=6
[1,5]<stdout>:[NLOC_PROCNE][rank 5] N_prime row 10090 proc=0
[1,5]<stdout>:[NLOC_PROCNE][rank 5] parent row 8135 proc=6
[1,5]<stdout>:[NLOC_PROCNE][rank 5] parent row 8136 proc=6
[1,5]<stdout>:[NLOC_PROCNE][rank 5] parent row 8137 proc=6
[1,5]<stdout>:[NLOC_PROCNE][rank 5] parent row 8138 proc=6
[1,5]<stdout>:[SPLIT][rank 5] DETACH_POST: parent_uid=10712 ms_parent=      0.0000 ms_new=      0.0000
[1,5]<stdout>:[SPLIT][rank 5] PHASE2_DETACH: parent_uid=10712 local_shells=2 ms_parent=    0.000000 ms_new=    0.000000
[1,5]<stdout>:[SPLIT][rank 5] DETACH_PRE: parent_uid=10713 parent_id=2055 ms=      0.0000 X=      6.558794     -6.558794      0.000000
[1,4]<stdout>:[SPLIT_VNL][rank 4] uid=10683 old=2073 new=2606 n_contrib=2 n_remain=2 n_ghost=0 f_retain= 0.500 f_detach= 0.500
[1,4]<stdout>:[NLOC][rank 4] PARTIAL old=2073 new=2606 parent_total=4 n_contrib=2 n_remain=2 parent_n_remote=0
[1,4]<stdout>:[NLOC_ROWS][rank 4] OWNER parent nl_idx=2073 rows=4 N_prime new_nnod=2605 rows=2
[1,4]<stdout>:[NLOC_PROCNE][rank 4] N_prime row 10332 proc=5
[1,4]<stdout>:[NLOC_PROCNE][rank 4] N_prime row 10333 proc=0
[1,4]<stdout>:[NLOC_PROCNE][rank 4] parent row 8206 proc=5
[1,4]<stdout>:[NLOC_PROCNE][rank 4] parent row 8207 proc=5
[1,4]<stdout>:[NLOC_PROCNE][rank 4] parent row 8208 proc=5
[1,4]<stdout>:[NLOC_PROCNE][rank 4] parent row 8209 proc=5
[1,4]<stdout>:[SPLIT][rank 4] DETACH_POST: parent_uid=10683 ms_parent=      0.0000 ms_new=      0.0000
[1,4]<stdout>:[SPLIT][rank 4] PHASE2_DETACH: parent_uid=10683 local_shells=2 ms_parent=    0.000000 ms_new=    0.000000
[1,5]<stdout>:[SPLIT_VNL][rank 5] uid=10713 old=2055 new=2553 n_contrib=2 n_remain=2 n_ghost=0 f_retain= 0.500 f_detach= 0.500
[1,7]<stdout>:[SPLIT_VNL][rank 7] uid=10695 old=1338 new=2561 n_contrib=2 n_remain=0 n_ghost=0 f_retain= 0.500 f_detach= 0.500
[1,4]<stdout>:[SPLIT][rank 4] DETACH_PRE: parent_uid=10684 parent_id=2062 ms=      0.0000 X=      0.620405     -0.620405      0.000000
[1,7]<stdout>:[NLOC][rank 7] PARTIAL old=1338 new=2561 parent_total=4 n_contrib=2 n_remain=0 parent_n_remote=2
[1,7]<stdout>:[NLOC_ROWS][rank 7] OWNER parent nl_idx=1338 rows=4 N_prime new_nnod=2560 rows=2
[1,7]<stdout>:[NLOC_PROCNE][rank 7] N_prime row 10160 proc=8
[1,7]<stdout>:[NLOC_PROCNE][rank 7] N_prime row 10161 proc=0
[1,7]<stdout>:[NLOC_PROCNE][rank 7] parent row 5276 proc=5
[1,7]<stdout>:[NLOC_PROCNE][rank 7] parent row 5277 proc=8
[1,7]<stdout>:[NLOC_PROCNE][rank 7] parent row 5278 proc=8
[1,7]<stdout>:[NLOC_PROCNE][rank 7] parent row 5279 proc=8
[1,7]<stdout>:[SPLIT][rank 7] DETACH_POST: parent_uid=10695 ms_parent=      0.0000 ms_new=      0.0000
[1,7]<stdout>:[SPLIT][rank 7] PHASE2_DETACH: parent_uid=10695 local_shells=2 ms_parent=    0.000000 ms_new=    0.000000
[1,7]<stdout>:[SPLIT][rank 7] DETACH_PRE: parent_uid=10696 parent_id=1341 ms=      0.0000 X=      3.096185     -3.096185      0.000000
[1,5]<stdout>:[NLOC][rank 5] PARTIAL old=2055 new=2553 parent_total=4 n_contrib=2 n_remain=2 parent_n_remote=0
[1,5]<stdout>:[NLOC_ROWS][rank 5] OWNER parent nl_idx=2055 rows=4 N_prime new_nnod=2551 rows=2
[1,5]<stdout>:[NLOC_PROCNE][rank 5] N_prime row 10091 proc=6
[1,5]<stdout>:[NLOC_PROCNE][rank 5] N_prime row 10092 proc=0
[1,5]<stdout>:[NLOC_PROCNE][rank 5] parent row 8111 proc=6
[1,5]<stdout>:[NLOC_PROCNE][rank 5] parent row 8112 proc=6
[1,5]<stdout>:[NLOC_PROCNE][rank 5] parent row 8113 proc=6
[1,5]<stdout>:[NLOC_PROCNE][rank 5] parent row 8114 proc=6
[1,5]<stdout>:[SPLIT][rank 5] DETACH_POST: parent_uid=10713 ms_parent=      0.0000 ms_new=      0.0000
[1,5]<stdout>:[SPLIT][rank 5] PHASE2_DETACH: parent_uid=10713 local_shells=2 ms_parent=    0.000000 ms_new=    0.000000
[1,5]<stdout>:[SPLIT][rank 5] DETACH_PRE: parent_uid=10714 parent_id=2056 ms=      0.0000 X=      6.759727     -6.759727      0.000000
[1,7]<stdout>:[SPLIT_VNL][rank 7] uid=10696 old=1341 new=2562 n_contrib=2 n_remain=0 n_ghost=0 f_retain= 0.500 f_detach= 0.500
[1,5]<stdout>:[SPLIT_VNL][rank 5] uid=10714 old=2056 new=2554 n_contrib=2 n_remain=2 n_ghost=0 f_retain= 0.500 f_detach= 0.500
[1,4]<stdout>:[SPLIT_VNL][rank 4] uid=10684 old=2062 new=2607 n_contrib=2 n_remain=2 n_ghost=0 f_retain= 0.500 f_detach= 0.500
[1,7]<stdout>:[NLOC][rank 7] PARTIAL old=1341 new=2562 parent_total=4 n_contrib=2 n_remain=0 parent_n_remote=2
[1,7]<stdout>:[NLOC_ROWS][rank 7] OWNER parent nl_idx=1341 rows=4 N_prime new_nnod=2561 rows=2
[1,7]<stdout>:[NLOC_PROCNE][rank 7] N_prime row 10162 proc=8
[1,7]<stdout>:[NLOC_PROCNE][rank 7] N_prime row 10163 proc=50897
[1,7]<stdout>:[NLOC_PROCNE][rank 7] parent row 5288 proc=5
[1,7]<stdout>:[NLOC_PROCNE][rank 7] parent row 5289 proc=8
[1,7]<stdout>:[NLOC_PROCNE][rank 7] parent row 5290 proc=8
[1,7]<stdout>:[NLOC_PROCNE][rank 7] parent row 5291 proc=8
[1,7]<stdout>:[SPLIT][rank 7] DETACH_POST: parent_uid=10696 ms_parent=      0.0000 ms_new=      0.0000
[1,7]<stdout>:[SPLIT][rank 7] PHASE2_DETACH: parent_uid=10696 local_shells=2 ms_parent=    0.000000 ms_new=    0.000000
[1,7]<stdout>:[SPLIT][rank 7] DETACH_PRE: parent_uid=10697 parent_id=1362 ms=      0.0000 X=      3.301624     -3.301624      0.000000
[1,7]<stdout>:[SPLIT_VNL][rank 7] uid=10697 old=1362 new=2563 n_contrib=2 n_remain=0 n_ghost=0 f_retain= 0.500 f_detach= 0.500
[1,5]<stdout>:[NLOC][rank 5] PARTIAL old=2056 new=2554 parent_total=4 n_contrib=2 n_remain=2 parent_n_remote=0
[1,5]<stdout>:[NLOC_ROWS][rank 5] OWNER parent nl_idx=2056 rows=4 N_prime new_nnod=2552 rows=2
[1,5]<stdout>:[NLOC_PROCNE][rank 5] N_prime row 10093 proc=6
[1,5]<stdout>:[NLOC_PROCNE][rank 5] N_prime row 10094 proc=6
[1,5]<stdout>:[NLOC_PROCNE][rank 5] parent row 8115 proc=6
[1,5]<stdout>:[NLOC_PROCNE][rank 5] parent row 8116 proc=6
[1,5]<stdout>:[NLOC_PROCNE][rank 5] parent row 8117 proc=6
[1,5]<stdout>:[NLOC_PROCNE][rank 5] parent row 8118 proc=6
[1,5]<stdout>:[SPLIT][rank 5] DETACH_POST: parent_uid=10714 ms_parent=      0.0000 ms_new=      0.0000
[1,5]<stdout>:[SPLIT][rank 5] PHASE2_DETACH: parent_uid=10714 local_shells=2 ms_parent=    0.000000 ms_new=    0.000000
[1,5]<stdout>:[SPLIT][rank 5] DETACH_PRE: parent_uid=10715 parent_id=2083 ms=      0.0000 X=      6.960562     -6.960562      0.000000
[1,7]<stdout>:[NLOC][rank 7] PARTIAL old=1362 new=2563 parent_total=4 n_contrib=2 n_remain=0 parent_n_remote=2
[1,7]<stdout>:[NLOC_ROWS][rank 7] OWNER parent nl_idx=1362 rows=4 N_prime new_nnod=2562 rows=2
[1,7]<stdout>:[NLOC_PROCNE][rank 7] N_prime row 10164 proc=8
[1,7]<stdout>:[NLOC_PROCNE][rank 7] N_prime row 10165 proc=8
[1,7]<stdout>:[NLOC_PROCNE][rank 7] parent row 5372 proc=5
[1,7]<stdout>:[NLOC_PROCNE][rank 7] parent row 5373 proc=8
[1,7]<stdout>:[NLOC_PROCNE][rank 7] parent row 5374 proc=8
[1,7]<stdout>:[NLOC_PROCNE][rank 7] parent row 5375 proc=8
[1,7]<stdout>:[SPLIT][rank 7] DETACH_POST: parent_uid=10697 ms_parent=      0.0000 ms_new=      0.0000
[1,7]<stdout>:[SPLIT][rank 7] PHASE2_DETACH: parent_uid=10697 local_shells=2 ms_parent=    0.000000 ms_new=    0.000000
[1,4]<stdout>:[NLOC][rank 4] PARTIAL old=2062 new=2607 parent_total=4 n_contrib=2 n_remain=2 parent_n_remote=0
[1,7]<stdout>:[SPLIT][rank 7] DETACH_PRE: parent_uid=10698 parent_id=1358 ms=      0.0000 X=      3.507025     -3.507025      0.000000
[1,4]<stdout>:[NLOC_ROWS][rank 4] OWNER parent nl_idx=2062 rows=4 N_prime new_nnod=2606 rows=2
[1,4]<stdout>:[NLOC_PROCNE][rank 4] N_prime row 10334 proc=5
[1,4]<stdout>:[NLOC_PROCNE][rank 4] N_prime row 10335 proc=17857
[1,4]<stdout>:[NLOC_PROCNE][rank 4] parent row 8162 proc=5
[1,4]<stdout>:[NLOC_PROCNE][rank 4] parent row 8163 proc=5
[1,4]<stdout>:[NLOC_PROCNE][rank 4] parent row 8164 proc=5
[1,4]<stdout>:[NLOC_PROCNE][rank 4] parent row 8165 proc=5
[1,4]<stdout>:[SPLIT][rank 4] DETACH_POST: parent_uid=10684 ms_parent=      0.0000 ms_new=      0.0000
[1,4]<stdout>:[SPLIT][rank 4] PHASE2_DETACH: parent_uid=10684 local_shells=2 ms_parent=    0.000000 ms_new=    0.000000
[1,4]<stdout>:[SPLIT][rank 4] DETACH_PRE: parent_uid=10685 parent_id=2059 ms=      0.0000 X=      0.827164     -0.827164      0.000000
[1,7]<stdout>:[SPLIT_VNL][rank 7] uid=10698 old=1358 new=2564 n_contrib=2 n_remain=0 n_ghost=0 f_retain= 0.500 f_detach= 0.500
[1,5]<stdout>:[SPLIT_VNL][rank 5] uid=10715 old=2083 new=2555 n_contrib=2 n_remain=2 n_ghost=0 f_retain= 0.500 f_detach= 0.500
[1,7]<stdout>:[NLOC][rank 7] PARTIAL old=1358 new=2564 parent_total=4 n_contrib=2 n_remain=0 parent_n_remote=2
[1,7]<stdout>:[NLOC_ROWS][rank 7] OWNER parent nl_idx=1358 rows=4 N_prime new_nnod=2563 rows=2
[1,7]<stdout>:[NLOC_PROCNE][rank 7] N_prime row 10166 proc=8
[1,7]<stdout>:[NLOC_PROCNE][rank 7] N_prime row 10167 proc=61857
[1,7]<stdout>:[NLOC_PROCNE][rank 7] parent row 5356 proc=5
[1,7]<stdout>:[NLOC_PROCNE][rank 7] parent row 5357 proc=8
[1,7]<stdout>:[NLOC_PROCNE][rank 7] parent row 5358 proc=8
[1,7]<stdout>:[NLOC_PROCNE][rank 7] parent row 5359 proc=8
[1,4]<stdout>:[SPLIT_VNL][rank 4] uid=10685 old=2059 new=2608 n_contrib=2 n_remain=2 n_ghost=0 f_retain= 0.500 f_detach= 0.500
[1,7]<stdout>:[SPLIT][rank 7] DETACH_POST: parent_uid=10698 ms_parent=      0.0000 ms_new=      0.0000
[1,5]<stdout>:[NLOC][rank 5] PARTIAL old=2083 new=2555 parent_total=4 n_contrib=2 n_remain=2 parent_n_remote=0
[1,7]<stdout>:[SPLIT][rank 7] PHASE2_DETACH: parent_uid=10698 local_shells=2 ms_parent=    0.000000 ms_new=    0.000000
[1,7]<stdout>:[SPLIT][rank 7] DETACH_PRE: parent_uid=10699 parent_id=1260 ms=      0.0000 X=      3.712103     -3.712103      0.000000
[1,5]<stdout>:[NLOC_ROWS][rank 5] OWNER parent nl_idx=2083 rows=4 N_prime new_nnod=2553 rows=2
[1,5]<stdout>:[NLOC_PROCNE][rank 5] N_prime row 10095 proc=6
[1,5]<stdout>:[NLOC_PROCNE][rank 5] N_prime row 10096 proc=6
[1,5]<stdout>:[NLOC_PROCNE][rank 5] parent row 8223 proc=6
[1,5]<stdout>:[NLOC_PROCNE][rank 5] parent row 8224 proc=6
[1,5]<stdout>:[NLOC_PROCNE][rank 5] parent row 8225 proc=6
[1,7]<stdout>:[SPLIT_VNL][rank 7] uid=10699 old=1260 new=2565 n_contrib=2 n_remain=0 n_ghost=0 f_retain= 0.500 f_detach= 0.500
[1,4]<stdout>:[NLOC][rank 4] PARTIAL old=2059 new=2608 parent_total=4 n_contrib=2 n_remain=2 parent_n_remote=0
[1,4]<stdout>:[NLOC_ROWS][rank 4] OWNER parent nl_idx=2059 rows=4 N_prime new_nnod=2607 rows=2
[1,4]<stdout>:[NLOC_PROCNE][rank 4] N_prime row 10336 proc=5
[1,5]<stdout>:[NLOC_PROCNE][rank 5] parent row 8226 proc=6
[1,5]<stdout>:[SPLIT][rank 5] DETACH_POST: parent_uid=10715 ms_parent=      0.0000 ms_new=      0.0000
[1,5]<stdout>:[SPLIT][rank 5] PHASE2_DETACH: parent_uid=10715 local_shells=2 ms_parent=    0.000000 ms_new=    0.000000
[1,5]<stdout>:[SPLIT][rank 5] DETACH_PRE: parent_uid=10716 parent_id=2079 ms=      0.0000 X=      7.160809     -7.160809      0.000000
[1,4]<stdout>:[NLOC_PROCNE][rank 4] N_prime row 10337 proc=5
[1,4]<stdout>:[NLOC_PROCNE][rank 4] parent row 8150 proc=5
[1,7]<stdout>:[NLOC][rank 7] PARTIAL old=1260 new=2565 parent_total=4 n_contrib=2 n_remain=0 parent_n_remote=2
[1,7]<stdout>:[NLOC_ROWS][rank 7] OWNER parent nl_idx=1260 rows=4 N_prime new_nnod=2564 rows=2
[1,7]<stdout>:[NLOC_PROCNE][rank 7] N_prime row 10168 proc=8
[1,7]<stdout>:[NLOC_PROCNE][rank 7] N_prime row 10169 proc=0
[1,7]<stdout>:[NLOC_PROCNE][rank 7] parent row 4964 proc=5
[1,7]<stdout>:[NLOC_PROCNE][rank 7] parent row 4965 proc=8
[1,7]<stdout>:[NLOC_PROCNE][rank 7] parent row 4966 proc=8
[1,7]<stdout>:[NLOC_PROCNE][rank 7] parent row 4967 proc=8
[1,7]<stdout>:[SPLIT][rank 7] DETACH_POST: parent_uid=10699 ms_parent=      0.0000 ms_new=      0.0000
[1,7]<stdout>:[SPLIT][rank 7] PHASE2_DETACH: parent_uid=10699 local_shells=2 ms_parent=    0.000000 ms_new=    0.000000
[1,7]<stdout>:[SPLIT][rank 7] DETACH_PRE: parent_uid=10700 parent_id=1263 ms=      0.0000 X=      3.917107     -3.917107      0.000000
[1,4]<stdout>:[NLOC_PROCNE][rank 4] parent row 8151 proc=5
[1,4]<stdout>:[NLOC_PROCNE][rank 4] parent row 8152 proc=5
[1,4]<stdout>:[NLOC_PROCNE][rank 4] parent row 8153 proc=5
[1,4]<stdout>:[SPLIT][rank 4] DETACH_POST: parent_uid=10685 ms_parent=      0.0000 ms_new=      0.0000
[1,4]<stdout>:[SPLIT][rank 4] PHASE2_DETACH: parent_uid=10685 local_shells=2 ms_parent=    0.000000 ms_new=    0.000000
[1,4]<stdout>:[SPLIT][rank 4] DETACH_PRE: parent_uid=10686 parent_id=2053 ms=      0.0000 X=      1.033865     -1.033865      0.000000
[1,5]<stdout>:[SPLIT_VNL][rank 5] uid=10716 old=2079 new=2556 n_contrib=2 n_remain=2 n_ghost=0 f_retain= 0.500 f_detach= 0.500
[1,4]<stdout>:[SPLIT_VNL][rank 4] uid=10686 old=2053 new=2609 n_contrib=2 n_remain=2 n_ghost=0 f_retain= 0.500 f_detach= 0.500
[1,5]<stdout>:[NLOC][rank 5] PARTIAL old=2079 new=2556 parent_total=4 n_contrib=2 n_remain=2 parent_n_remote=0
[1,5]<stdout>:[NLOC_ROWS][rank 5] OWNER parent nl_idx=2079 rows=4 N_prime new_nnod=2554 rows=2
[1,5]<stdout>:[NLOC_PROCNE][rank 5] N_prime row 10097 proc=6
[1,5]<stdout>:[NLOC_PROCNE][rank 5] N_prime row 10098 proc=0
[1,5]<stdout>:[NLOC_PROCNE][rank 5] parent row 8207 proc=6
[1,5]<stdout>:[NLOC_PROCNE][rank 5] parent row 8208 proc=6
[1,5]<stdout>:[NLOC_PROCNE][rank 5] parent row 8209 proc=6
[1,5]<stdout>:[NLOC_PROCNE][rank 5] parent row 8210 proc=6
[1,5]<stdout>:[SPLIT][rank 5] DETACH_POST: parent_uid=10716 ms_parent=      0.0000 ms_new=      0.0000
[1,5]<stdout>:[SPLIT][rank 5] PHASE2_DETACH: parent_uid=10716 local_shells=2 ms_parent=    0.000000 ms_new=    0.000000
[1,5]<stdout>:[SPLIT][rank 5] DETACH_PRE: parent_uid=10717 parent_id=2080 ms=      0.0000 X=      7.360865     -7.360865      0.000000
[1,7]<stdout>:[SPLIT_VNL][rank 7] uid=10700 old=1263 new=2566 n_contrib=2 n_remain=0 n_ghost=0 f_retain= 0.500 f_detach= 0.500
[1,4]<stdout>:[NLOC][rank 4] PARTIAL old=2053 new=2609 parent_total=4 n_contrib=2 n_remain=2 parent_n_remote=0
[1,4]<stdout>:[NLOC_ROWS][rank 4] OWNER parent nl_idx=2053 rows=4 N_prime new_nnod=2608 rows=2
[1,4]<stdout>:[NLOC_PROCNE][rank 4] N_prime row 10338 proc=5
[1,4]<stdout>:[NLOC_PROCNE][rank 4] N_prime row 10339 proc=17185
[1,4]<stdout>:[NLOC_PROCNE][rank 4] parent row 8126 proc=5
[1,4]<stdout>:[NLOC_PROCNE][rank 4] parent row 8127 proc=5
[1,4]<stdout>:[NLOC_PROCNE][rank 4] parent row 8128 proc=5
[1,4]<stdout>:[NLOC_PROCNE][rank 4] parent row 8129 proc=5
[1,4]<stdout>:[SPLIT][rank 4] DETACH_POST: parent_uid=10686 ms_parent=      0.0000 ms_new=      0.0000
[1,4]<stdout>:[SPLIT][rank 4] PHASE2_DETACH: parent_uid=10686 local_shells=2 ms_parent=    0.000000 ms_new=    0.000000
[1,4]<stdout>:[SPLIT][rank 4] DETACH_PRE: parent_uid=10687 parent_id=2054 ms=      0.0000 X=      1.240523     -1.240523      0.000000
[1,7]<stdout>:[NLOC][rank 7] PARTIAL old=1263 new=2566 parent_total=4 n_contrib=2 n_remain=0 parent_n_remote=2
[1,7]<stdout>:[NLOC_ROWS][rank 7] OWNER parent nl_idx=1263 rows=4 N_prime new_nnod=2565 rows=2
[1,7]<stdout>:[NLOC_PROCNE][rank 7] N_prime row 10170 proc=8
[1,7]<stdout>:[NLOC_PROCNE][rank 7] N_prime row 10171 proc=10177
[1,7]<stdout>:[NLOC_PROCNE][rank 7] parent row 4976 proc=5
[1,7]<stdout>:[NLOC_PROCNE][rank 7] parent row 4977 proc=8
[1,7]<stdout>:[NLOC_PROCNE][rank 7] parent row 4978 proc=8
[1,7]<stdout>:[NLOC_PROCNE][rank 7] parent row 4979 proc=8
[1,7]<stdout>:[SPLIT][rank 7] DETACH_POST: parent_uid=10700 ms_parent=      0.0000 ms_new=      0.0000
[1,7]<stdout>:[SPLIT][rank 7] PHASE2_DETACH: parent_uid=10700 local_shells=2 ms_parent=    0.000000 ms_new=    0.000000
[1,7]<stdout>:[SPLIT][rank 7] DETACH_PRE: parent_uid=10701 parent_id=1254 ms=      0.0000 X=      4.121800     -4.121800      0.000000
[1,5]<stdout>:[SPLIT_VNL][rank 5] uid=10717 old=2080 new=2557 n_contrib=2 n_remain=2 n_ghost=0 f_retain= 0.500 f_detach= 0.500
[1,4]<stdout>:[SPLIT_VNL][rank 4] uid=10687 old=2054 new=2610 n_contrib=2 n_remain=2 n_ghost=0 f_retain= 0.500 f_detach= 0.500
[1,5]<stdout>:[NLOC][rank 5] PARTIAL old=2080 new=2557 parent_total=4 n_contrib=2 n_remain=2 parent_n_remote=0
[1,5]<stdout>:[NLOC_ROWS][rank 5] OWNER parent nl_idx=2080 rows=4 N_prime new_nnod=2555 rows=2
[1,5]<stdout>:[NLOC_PROCNE][rank 5] N_prime row 10099 proc=6
[1,5]<stdout>:[NLOC_PROCNE][rank 5] N_prime row 10100 proc=0
[1,5]<stdout>:[NLOC_PROCNE][rank 5] parent row 8211 proc=6
[1,5]<stdout>:[NLOC_PROCNE][rank 5] parent row 8212 proc=6
[1,5]<stdout>:[NLOC_PROCNE][rank 5] parent row 8213 proc=6
[1,5]<stdout>:[NLOC_PROCNE][rank 5] parent row 8214 proc=6
[1,5]<stdout>:[SPLIT][rank 5] DETACH_POST: parent_uid=10717 ms_parent=      0.0000 ms_new=      0.0000
[1,5]<stdout>:[SPLIT][rank 5] PHASE2_DETACH: parent_uid=10717 local_shells=2 ms_parent=    0.000000 ms_new=    0.000000
[1,5]<stdout>:[SPLIT][rank 5] DETACH_PRE: parent_uid=10718 parent_id=2326 ms=      0.0000 X=      7.560388     -7.560388      0.000000
[1,4]<stdout>:[NLOC][rank 4] PARTIAL old=2054 new=2610 parent_total=4 n_contrib=2 n_remain=2 parent_n_remote=0
[1,4]<stdout>:[NLOC_ROWS][rank 4] OWNER parent nl_idx=2054 rows=4 N_prime new_nnod=2609 rows=2
[1,4]<stdout>:[NLOC_PROCNE][rank 4] N_prime row 10340 proc=5
[1,4]<stdout>:[NLOC_PROCNE][rank 4] N_prime row 10341 proc=1111507456
[1,4]<stdout>:[NLOC_PROCNE][rank 4] parent row 8130 proc=5
[1,4]<stdout>:[NLOC_PROCNE][rank 4] parent row 8131 proc=5
[1,4]<stdout>:[NLOC_PROCNE][rank 4] parent row 8132 proc=5
[1,4]<stdout>:[NLOC_PROCNE][rank 4] parent row 8133 proc=5
[1,4]<stdout>:[SPLIT][rank 4] DETACH_POST: parent_uid=10687 ms_parent=      0.0000 ms_new=      0.0000
[1,4]<stdout>:[SPLIT][rank 4] PHASE2_DETACH: parent_uid=10687 local_shells=2 ms_parent=    0.000000 ms_new=    0.000000
[1,4]<stdout>:[SPLIT][rank 4] DETACH_PRE: parent_uid=10688 parent_id=2099 ms=      0.0000 X=      1.447107     -1.447107      0.000000
[1,7]<stdout>:[SPLIT_VNL][rank 7] uid=10701 old=1254 new=2567 n_contrib=2 n_remain=0 n_ghost=0 f_retain= 0.500 f_detach= 0.500
[1,5]<stdout>:[SPLIT_VNL][rank 5] uid=10718 old=2326 new=2558 n_contrib=2 n_remain=2 n_ghost=0 f_retain= 0.500 f_detach= 0.500
[1,5]<stdout>:[NLOC][rank 5] PARTIAL old=2326 new=2558 parent_total=4 n_contrib=2 n_remain=2 parent_n_remote=0
[1,5]<stdout>:[NLOC_ROWS][rank 5] OWNER parent nl_idx=2326 rows=4 N_prime new_nnod=2556 rows=2
[1,5]<stdout>:[NLOC_PROCNE][rank 5] N_prime row 10101 proc=6
[1,5]<stdout>:[NLOC_PROCNE][rank 5] N_prime row 10102 proc=6
[1,5]<stdout>:[NLOC_PROCNE][rank 5] parent row 9195 proc=6
[1,5]<stdout>:[NLOC_PROCNE][rank 5] parent row 9196 proc=6
[1,5]<stdout>:[NLOC_PROCNE][rank 5] parent row 9197 proc=6
[1,5]<stdout>:[NLOC_PROCNE][rank 5] parent row 9198 proc=6
[1,5]<stdout>:[SPLIT][rank 5] DETACH_POST: parent_uid=10718 ms_parent=      0.0000 ms_new=      0.0000
[1,5]<stdout>:[SPLIT][rank 5] PHASE2_DETACH: parent_uid=10718 local_shells=2 ms_parent=    0.000000 ms_new=    0.000000
[1,5]<stdout>:[SPLIT][rank 5] DETACH_PRE: parent_uid=10719 parent_id=2322 ms=      0.0000 X=      7.759620     -7.759620      0.000000
[1,7]<stdout>:[NLOC][rank 7] PARTIAL old=1254 new=2567 parent_total=4 n_contrib=2 n_remain=0 parent_n_remote=2
[1,7]<stdout>:[NLOC_ROWS][rank 7] OWNER parent nl_idx=1254 rows=4 N_prime new_nnod=2566 rows=2
[1,7]<stdout>:[NLOC_PROCNE][rank 7] N_prime row 10172 proc=8
[1,7]<stdout>:[NLOC_PROCNE][rank 7] N_prime row 10173 proc=0
[1,7]<stdout>:[NLOC_PROCNE][rank 7] parent row 4940 proc=5
[1,7]<stdout>:[NLOC_PROCNE][rank 7] parent row 4941 proc=8
[1,7]<stdout>:[NLOC_PROCNE][rank 7] parent row 4942 proc=8
[1,7]<stdout>:[NLOC_PROCNE][rank 7] parent row 4943 proc=8
[1,7]<stdout>:[SPLIT][rank 7] DETACH_POST: parent_uid=10701 ms_parent=      0.0000 ms_new=      0.0000
[1,7]<stdout>:[SPLIT][rank 7] PHASE2_DETACH: parent_uid=10701 local_shells=2 ms_parent=    0.000000 ms_new=    0.000000
[1,7]<stdout>:[SPLIT][rank 7] DETACH_PRE: parent_uid=10702 parent_id=1257 ms=      0.0000 X=      4.326361     -4.326361      0.000000
[1,4]<stdout>:[SPLIT_VNL][rank 4] uid=10688 old=2099 new=2611 n_contrib=2 n_remain=2 n_ghost=0 f_retain= 0.500 f_detach= 0.500
[1,5]<stdout>:[SPLIT_VNL][rank 5] uid=10719 old=2322 new=2559 n_contrib=2 n_remain=2 n_ghost=0 f_retain= 0.500 f_detach= 0.500
[1,5]<stdout>:[NLOC][rank 5] PARTIAL old=2322 new=2559 parent_total=4 n_contrib=2 n_remain=2 parent_n_remote=0
[1,5]<stdout>:[NLOC_ROWS][rank 5] OWNER parent nl_idx=2322 rows=4 N_prime new_nnod=2557 rows=2
[1,5]<stdout>:[NLOC_PROCNE][rank 5] N_prime row 10103 proc=6
[1,5]<stdout>:[NLOC_PROCNE][rank 5] N_prime row 10104 proc=6
[1,5]<stdout>:[NLOC_PROCNE][rank 5] parent row 9179 proc=6
[1,4]<stdout>:[NLOC][rank 4] PARTIAL old=2099 new=2611 parent_total=4 n_contrib=2 n_remain=2 parent_n_remote=0
[1,4]<stdout>:[NLOC_ROWS][rank 4] OWNER parent nl_idx=2099 rows=4 N_prime new_nnod=2610 rows=2
[1,5]<stdout>:[NLOC_PROCNE][rank 5] parent row 9180 proc=6
[1,5]<stdout>:[NLOC_PROCNE][rank 5] parent row 9181 proc=6
[1,5]<stdout>:[NLOC_PROCNE][rank 5] parent row 9182 proc=6
[1,5]<stdout>:[SPLIT][rank 5] DETACH_POST: parent_uid=10719 ms_parent=      0.0000 ms_new=      0.0000
[1,5]<stdout>:[SPLIT][rank 5] PHASE2_DETACH: parent_uid=10719 local_shells=2 ms_parent=    0.000000 ms_new=    0.000000
[1,5]<stdout>:[SPLIT][rank 5] DETACH_PRE: parent_uid=10720 parent_id=2323 ms=      0.0000 X=      7.958381     -7.958381      0.000000
[1,4]<stdout>:[NLOC_PROCNE][rank 4] N_prime row 10342 proc=5
[1,4]<stdout>:[NLOC_PROCNE][rank 4] N_prime row 10343 proc=41825
[1,4]<stdout>:[NLOC_PROCNE][rank 4] parent row 8310 proc=5
[1,4]<stdout>:[NLOC_PROCNE][rank 4] parent row 8311 proc=5
[1,4]<stdout>:[NLOC_PROCNE][rank 4] parent row 8312 proc=5
[1,4]<stdout>:[NLOC_PROCNE][rank 4] parent row 8313 proc=5
[1,4]<stdout>:[SPLIT][rank 4] DETACH_POST: parent_uid=10688 ms_parent=      0.0000 ms_new=      0.0000
[1,4]<stdout>:[SPLIT][rank 4] PHASE2_DETACH: parent_uid=10688 local_shells=2 ms_parent=    0.000000 ms_new=    0.000000
[1,4]<stdout>:[SPLIT][rank 4] DETACH_PRE: parent_uid=10689 parent_id=2095 ms=      0.0000 X=      1.653618     -1.653618      0.000000
[1,4]<stdout>:[SPLIT_VNL][rank 4] uid=10689 old=2095 new=2612 n_contrib=2 n_remain=2 n_ghost=0 f_retain= 0.500 f_detach= 0.500
[1,4]<stdout>:[NLOC][rank 4] PARTIAL old=2095 new=2612 parent_total=4 n_contrib=2 n_remain=2 parent_n_remote=0
[1,4]<stdout>:[NLOC_ROWS][rank 4] OWNER parent nl_idx=2095 rows=4 N_prime new_nnod=2611 rows=2
[1,4]<stdout>:[NLOC_PROCNE][rank 4] N_prime row 10344 proc=5
[1,4]<stdout>:[NLOC_PROCNE][rank 4] N_prime row 10345 proc=0
[1,4]<stdout>:[NLOC_PROCNE][rank 4] parent row 8294 proc=5
[1,4]<stdout>:[NLOC_PROCNE][rank 4] parent row 8295 proc=5
[1,4]<stdout>:[NLOC_PROCNE][rank 4] parent row 8296 proc=5
[1,4]<stdout>:[NLOC_PROCNE][rank 4] parent row 8297 proc=5
[1,4]<stdout>:[SPLIT][rank 4] DETACH_POST: parent_uid=10689 ms_parent=      0.0000 ms_new=      0.0000
[1,4]<stdout>:[SPLIT][rank 4] PHASE2_DETACH: parent_uid=10689 local_shells=2 ms_parent=    0.000000 ms_new=    0.000000
[1,4]<stdout>:[SPLIT][rank 4] DETACH_PRE: parent_uid=10690 parent_id=2096 ms=      0.0000 X=      1.860047     -1.860047      0.000000
[1,7]<stdout>:[SPLIT_VNL][rank 7] uid=10702 old=1257 new=2568 n_contrib=2 n_remain=0 n_ghost=0 f_retain= 0.500 f_detach= 0.500
[1,7]<stdout>:[NLOC][rank 7] PARTIAL old=1257 new=2568 parent_total=4 n_contrib=2 n_remain=0 parent_n_remote=2
[1,7]<stdout>:[NLOC_ROWS][rank 7] OWNER parent nl_idx=1257 rows=4 N_prime new_nnod=2567 rows=2
[1,7]<stdout>:[NLOC_PROCNE][rank 7] N_prime row 10174 proc=8
[1,7]<stdout>:[NLOC_PROCNE][rank 7] N_prime row 10175 proc=10161
[1,7]<stdout>:[NLOC_PROCNE][rank 7] parent row 4952 proc=5
[1,7]<stdout>:[NLOC_PROCNE][rank 7] parent row 4953 proc=8
[1,7]<stdout>:[NLOC_PROCNE][rank 7] parent row 4954 proc=8
[1,7]<stdout>:[NLOC_PROCNE][rank 7] parent row 4955 proc=8
[1,7]<stdout>:[SPLIT][rank 7] DETACH_POST: parent_uid=10702 ms_parent=      0.0000 ms_new=      0.0000
[1,7]<stdout>:[SPLIT][rank 7] PHASE2_DETACH: parent_uid=10702 local_shells=2 ms_parent=    0.000000 ms_new=    0.000000
[1,7]<stdout>:[SPLIT][rank 7] DETACH_PRE: parent_uid=10703 parent_id=1285 ms=      0.0000 X=      4.530630     -4.530630      0.000000
[1,7]<stdout>:[SPLIT_VNL][rank 7] uid=10703 old=1285 new=2569 n_contrib=2 n_remain=0 n_ghost=0 f_retain= 0.500 f_detach= 0.500
[1,7]<stdout>:[NLOC][rank 7] PARTIAL old=1285 new=2569 parent_total=4 n_contrib=2 n_remain=0 parent_n_remote=2
[1,7]<stdout>:[NLOC_ROWS][rank 7] OWNER parent nl_idx=1285 rows=4 N_prime new_nnod=2568 rows=2
[1,7]<stdout>:[NLOC_PROCNE][rank 7] N_prime row 10176 proc=8
[1,7]<stdout>:[NLOC_PROCNE][rank 7] N_prime row 10177 proc=8
[1,7]<stdout>:[NLOC_PROCNE][rank 7] parent row 5064 proc=5
[1,7]<stdout>:[NLOC_PROCNE][rank 7] parent row 5065 proc=8
[1,7]<stdout>:[NLOC_PROCNE][rank 7] parent row 5066 proc=8
[1,7]<stdout>:[NLOC_PROCNE][rank 7] parent row 5067 proc=8
[1,7]<stdout>:[SPLIT][rank 7] DETACH_POST: parent_uid=10703 ms_parent=      0.0000 ms_new=      0.0000
[1,7]<stdout>:[SPLIT][rank 7] PHASE2_DETACH: parent_uid=10703 local_shells=2 ms_parent=    0.000000 ms_new=    0.000000
[1,7]<stdout>:[SPLIT][rank 7] DETACH_PRE: parent_uid=10704 parent_id=1278 ms=      0.0000 X=      4.734701     -4.734701      0.000000
[1,5]<stdout>:[SPLIT_VNL][rank 5] uid=10720 old=2323 new=2560 n_contrib=2 n_remain=2 n_ghost=0 f_retain= 0.500 f_detach= 0.500
[1,5]<stdout>:[NLOC][rank 5] PARTIAL old=2323 new=2560 parent_total=4 n_contrib=2 n_remain=2 parent_n_remote=0
[1,5]<stdout>:[NLOC_ROWS][rank 5] OWNER parent nl_idx=2323 rows=4 N_prime new_nnod=2558 rows=2
[1,5]<stdout>:[NLOC_PROCNE][rank 5] N_prime row 10105 proc=6
[1,5]<stdout>:[NLOC_PROCNE][rank 5] N_prime row 10106 proc=0
[1,5]<stdout>:[NLOC_PROCNE][rank 5] parent row 9183 proc=6
[1,5]<stdout>:[NLOC_PROCNE][rank 5] parent row 9184 proc=6
[1,5]<stdout>:[NLOC_PROCNE][rank 5] parent row 9185 proc=6
[1,5]<stdout>:[NLOC_PROCNE][rank 5] parent row 9186 proc=6
[1,5]<stdout>:[SPLIT][rank 5] DETACH_POST: parent_uid=10720 ms_parent=      0.0000 ms_new=      0.0000
[1,5]<stdout>:[SPLIT][rank 5] PHASE2_DETACH: parent_uid=10720 local_shells=2 ms_parent=    0.000000 ms_new=    0.000000
[1,5]<stdout>:[SPLIT][rank 5] DETACH_PRE: parent_uid=10721 parent_id=2344 ms=      0.0000 X=      8.156743     -8.156743      0.000000
[1,5]<stdout>:[SPLIT_VNL][rank 5] uid=10721 old=2344 new=2561 n_contrib=2 n_remain=2 n_ghost=0 f_retain= 0.500 f_detach= 0.500
[1,5]<stdout>:[NLOC][rank 5] PARTIAL old=2344 new=2561 parent_total=4 n_contrib=2 n_remain=2 parent_n_remote=0
[1,5]<stdout>:[NLOC_ROWS][rank 5] OWNER parent nl_idx=2344 rows=4 N_prime new_nnod=2559 rows=2
[1,5]<stdout>:[NLOC_PROCNE][rank 5] N_prime row 10107 proc=6
[1,5]<stdout>:[NLOC_PROCNE][rank 5] N_prime row 10108 proc=2428
[1,5]<stdout>:[NLOC_PROCNE][rank 5] parent row 9267 proc=6
[1,5]<stdout>:[NLOC_PROCNE][rank 5] parent row 9268 proc=6
[1,5]<stdout>:[NLOC_PROCNE][rank 5] parent row 9269 proc=6
[1,5]<stdout>:[NLOC_PROCNE][rank 5] parent row 9270 proc=6
[1,5]<stdout>:[SPLIT][rank 5] DETACH_POST: parent_uid=10721 ms_parent=      0.0000 ms_new=      0.0000
[1,5]<stdout>:[SPLIT][rank 5] PHASE2_DETACH: parent_uid=10721 local_shells=2 ms_parent=    0.000000 ms_new=    0.000000
[1,5]<stdout>:[SPLIT][rank 5] DETACH_PRE: parent_uid=10722 parent_id=2341 ms=      0.0000 X=      8.354708     -8.354708      0.000000
[1,5]<stdout>:[SPLIT_VNL][rank 5] uid=10722 old=2341 new=2562 n_contrib=2 n_remain=2 n_ghost=0 f_retain= 0.500 f_detach= 0.500
[1,4]<stdout>:[SPLIT_VNL][rank 4] uid=10690 old=2096 new=2613 n_contrib=2 n_remain=2 n_ghost=0 f_retain= 0.500 f_detach= 0.500
[1,5]<stdout>:[NLOC][rank 5] PARTIAL old=2341 new=2562 parent_total=4 n_contrib=2 n_remain=2 parent_n_remote=0
[1,7]<stdout>:[SPLIT_VNL][rank 7] uid=10704 old=1278 new=2570 n_contrib=2 n_remain=0 n_ghost=0 f_retain= 0.500 f_detach= 0.500
[1,7]<stdout>:[NLOC][rank 7] PARTIAL old=1278 new=2570 parent_total=4 n_contrib=2 n_remain=0 parent_n_remote=2
[1,7]<stdout>:[NLOC_ROWS][rank 7] OWNER parent nl_idx=1278 rows=4 N_prime new_nnod=2569 rows=2
[1,7]<stdout>:[NLOC_PROCNE][rank 7] N_prime row 10178 proc=8
[1,5]<stdout>:[NLOC_ROWS][rank 5] OWNER parent nl_idx=2341 rows=4 N_prime new_nnod=2560 rows=2
[1,5]<stdout>:[NLOC_PROCNE][rank 5] N_prime row 10109 proc=6
[1,5]<stdout>:[NLOC_PROCNE][rank 5] N_prime row 10110 proc=786
[1,5]<stdout>:[NLOC_PROCNE][rank 5] parent row 9255 proc=6
[1,5]<stdout>:[NLOC_PROCNE][rank 5] parent row 9256 proc=6
[1,5]<stdout>:[NLOC_PROCNE][rank 5] parent row 9257 proc=6
[1,5]<stdout>:[NLOC_PROCNE][rank 5] parent row 9258 proc=6
[1,5]<stdout>:[SPLIT][rank 5] DETACH_POST: parent_uid=10722 ms_parent=      0.0000 ms_new=      0.0000
[1,7]<stdout>:[NLOC_PROCNE][rank 7] N_prime row 10179 proc=10145
[1,7]<stdout>:[NLOC_PROCNE][rank 7] parent row 5036 proc=5
[1,7]<stdout>:[NLOC_PROCNE][rank 7] parent row 5037 proc=8
[1,7]<stdout>:[NLOC_PROCNE][rank 7] parent row 5038 proc=8
[1,5]<stdout>:[SPLIT][rank 5] PHASE2_DETACH: parent_uid=10722 local_shells=2 ms_parent=    0.000000 ms_new=    0.000000
[1,7]<stdout>:[NLOC_PROCNE][rank 7] parent row 5039 proc=8
[1,4]<stdout>:[NLOC][rank 4] PARTIAL old=2096 new=2613 parent_total=4 n_contrib=2 n_remain=2 parent_n_remote=0
[1,7]<stdout>:[SPLIT][rank 7] DETACH_POST: parent_uid=10704 ms_parent=      0.0000 ms_new=      0.0000
[1,4]<stdout>:[NLOC_ROWS][rank 4] OWNER parent nl_idx=2096 rows=4 N_prime new_nnod=2612 rows=2
[1,4]<stdout>:[NLOC_PROCNE][rank 4] N_prime row 10346 proc=5
[1,4]<stdout>:[NLOC_PROCNE][rank 4] N_prime row 10347 proc=10369
[1,4]<stdout>:[NLOC_PROCNE][rank 4] parent row 8298 proc=5
[1,4]<stdout>:[NLOC_PROCNE][rank 4] parent row 8299 proc=5
[1,4]<stdout>:[NLOC_PROCNE][rank 4] parent row 8300 proc=5
[1,4]<stdout>:[NLOC_PROCNE][rank 4] parent row 8301 proc=5
[1,4]<stdout>:[SPLIT][rank 4] DETACH_POST: parent_uid=10690 ms_parent=      0.0000 ms_new=      0.0000
[1,4]<stdout>:[SPLIT][rank 4] PHASE2_DETACH: parent_uid=10690 local_shells=2 ms_parent=    0.000000 ms_new=    0.000000
[1,4]<stdout>:[SPLIT][rank 4] DETACH_PRE: parent_uid=10691 parent_id=2113 ms=      0.0000 X=      2.066361     -2.066361      0.000000
[1,7]<stdout>:[SPLIT][rank 7] PHASE2_DETACH: parent_uid=10704 local_shells=2 ms_parent=    0.000000 ms_new=    0.000000
[1,7]<stdout>:[SPLIT][rank 7] DETACH_PRE: parent_uid=10705 parent_id=1281 ms=      0.0000 X=      4.938509     -4.938509      0.000000
[1,7]<stdout>:[SPLIT_VNL][rank 7] uid=10705 old=1281 new=2571 n_contrib=2 n_remain=0 n_ghost=0 f_retain= 0.500 f_detach= 0.500
[1,4]<stdout>:[SPLIT_VNL][rank 4] uid=10691 old=2113 new=2614 n_contrib=2 n_remain=2 n_ghost=0 f_retain= 0.500 f_detach= 0.500
[1,7]<stdout>:[NLOC][rank 7] PARTIAL old=1281 new=2571 parent_total=4 n_contrib=2 n_remain=0 parent_n_remote=2
[1,7]<stdout>:[NLOC_ROWS][rank 7] OWNER parent nl_idx=1281 rows=4 N_prime new_nnod=2570 rows=2
[1,7]<stdout>:[NLOC_PROCNE][rank 7] N_prime row 10180 proc=8
[1,7]<stdout>:[NLOC_PROCNE][rank 7] N_prime row 10181 proc=57
[1,7]<stdout>:[NLOC_PROCNE][rank 7] parent row 5048 proc=5
[1,7]<stdout>:[NLOC_PROCNE][rank 7] parent row 5049 proc=8
[1,7]<stdout>:[NLOC_PROCNE][rank 7] parent row 5050 proc=8
[1,7]<stdout>:[NLOC_PROCNE][rank 7] parent row 5051 proc=8
[1,7]<stdout>:[SPLIT][rank 7] DETACH_POST: parent_uid=10705 ms_parent=      0.0000 ms_new=      0.0000
[1,7]<stdout>:[SPLIT][rank 7] PHASE2_DETACH: parent_uid=10705 local_shells=2 ms_parent=    0.000000 ms_new=    0.000000
[1,7]<stdout>:[SPLIT][rank 7] DETACH_PRE: parent_uid=10706 parent_id=1690 ms=      0.0000 X=      5.142042     -5.142042      0.000000
[1,4]<stdout>:[NLOC][rank 4] PARTIAL old=2113 new=2614 parent_total=4 n_contrib=2 n_remain=2 parent_n_remote=0
[1,4]<stdout>:[NLOC_ROWS][rank 4] OWNER parent nl_idx=2113 rows=4 N_prime new_nnod=2613 rows=2
[1,7]<stdout>:[SPLIT_VNL][rank 7] uid=10706 old=1690 new=2572 n_contrib=2 n_remain=0 n_ghost=0 f_retain= 0.500 f_detach= 0.500
[1,4]<stdout>:[NLOC_PROCNE][rank 4] N_prime row 10348 proc=5
[1,4]<stdout>:[NLOC_PROCNE][rank 4] N_prime row 10349 proc=5
[1,4]<stdout>:[NLOC_PROCNE][rank 4] parent row 8366 proc=5
[1,4]<stdout>:[NLOC_PROCNE][rank 4] parent row 8367 proc=5
[1,4]<stdout>:[NLOC_PROCNE][rank 4] parent row 8368 proc=5
[1,4]<stdout>:[NLOC_PROCNE][rank 4] parent row 8369 proc=5
[1,4]<stdout>:[SPLIT][rank 4] DETACH_POST: parent_uid=10691 ms_parent=      0.0000 ms_new=      0.0000
[1,7]<stdout>:[NLOC][rank 7] PARTIAL old=1690 new=2572 parent_total=4 n_contrib=2 n_remain=0 parent_n_remote=2
[1,7]<stdout>:[NLOC_ROWS][rank 7] OWNER parent nl_idx=1690 rows=4 N_prime new_nnod=2571 rows=2
[1,7]<stdout>:[NLOC_PROCNE][rank 7] N_prime row 10182 proc=8
[1,7]<stdout>:[NLOC_PROCNE][rank 7] N_prime row 10183 proc=10129
[1,7]<stdout>:[NLOC_PROCNE][rank 7] parent row 6684 proc=5
[1,7]<stdout>:[NLOC_PROCNE][rank 7] parent row 6685 proc=8
[1,7]<stdout>:[NLOC_PROCNE][rank 7] parent row 6686 proc=8
[1,7]<stdout>:[NLOC_PROCNE][rank 7] parent row 6687 proc=8
[1,7]<stdout>:[SPLIT][rank 7] DETACH_POST: parent_uid=10706 ms_parent=      0.0000 ms_new=      0.0000
[1,7]<stdout>:[SPLIT][rank 7] PHASE2_DETACH: parent_uid=10706 local_shells=2 ms_parent=    0.000000 ms_new=    0.000000
[1,7]<stdout>:[SPLIT][rank 7] DETACH_PRE: parent_uid=10707 parent_id=1683 ms=      0.0000 X=      5.345351     -5.345351      0.000000
[1,4]<stdout>:[SPLIT][rank 4] PHASE2_DETACH: parent_uid=10691 local_shells=2 ms_parent=    0.000000 ms_new=    0.000000
[1,4]<stdout>:[SPLIT][rank 4] DETACH_PRE: parent_uid=10692 parent_id=2110 ms=      0.0000 X=      2.272597     -2.272597      0.000000
[1,7]<stdout>:[SPLIT_VNL][rank 7] uid=10707 old=1683 new=2573 n_contrib=2 n_remain=0 n_ghost=0 f_retain= 0.500 f_detach= 0.500
[1,4]<stdout>:[SPLIT_VNL][rank 4] uid=10692 old=2110 new=2615 n_contrib=2 n_remain=2 n_ghost=0 f_retain= 0.500 f_detach= 0.500
[1,7]<stdout>:[NLOC][rank 7] PARTIAL old=1683 new=2573 parent_total=4 n_contrib=2 n_remain=0 parent_n_remote=2
[1,7]<stdout>:[NLOC_ROWS][rank 7] OWNER parent nl_idx=1683 rows=4 N_prime new_nnod=2572 rows=2
[1,7]<stdout>:[NLOC_PROCNE][rank 7] N_prime row 10184 proc=8
[1,7]<stdout>:[NLOC_PROCNE][rank 7] N_prime row 10185 proc=8
[1,7]<stdout>:[NLOC_PROCNE][rank 7] parent row 6656 proc=5
[1,7]<stdout>:[NLOC_PROCNE][rank 7] parent row 6657 proc=8
[1,7]<stdout>:[NLOC_PROCNE][rank 7] parent row 6658 proc=8
[1,7]<stdout>:[NLOC_PROCNE][rank 7] parent row 6659 proc=8
[1,7]<stdout>:[SPLIT][rank 7] DETACH_POST: parent_uid=10707 ms_parent=      0.0000 ms_new=      0.0000
[1,7]<stdout>:[SPLIT][rank 7] PHASE2_DETACH: parent_uid=10707 local_shells=2 ms_parent=    0.000000 ms_new=    0.000000
[1,7]<stdout>:[SPLIT][rank 7] DETACH_PRE: parent_uid=10708 parent_id=1686 ms=      0.0000 X=      5.548300     -5.548300      0.000000
[1,4]<stdout>:[NLOC][rank 4] PARTIAL old=2110 new=2615 parent_total=4 n_contrib=2 n_remain=2 parent_n_remote=0
[1,4]<stdout>:[NLOC_ROWS][rank 4] OWNER parent nl_idx=2110 rows=4 N_prime new_nnod=2614 rows=2
[1,4]<stdout>:[NLOC_PROCNE][rank 4] N_prime row 10350 proc=5
[1,4]<stdout>:[NLOC_PROCNE][rank 4] N_prime row 10351 proc=385
[1,4]<stdout>:[NLOC_PROCNE][rank 4] parent row 8354 proc=5
[1,4]<stdout>:[NLOC_PROCNE][rank 4] parent row 8355 proc=5
[1,4]<stdout>:[NLOC_PROCNE][rank 4] parent row 8356 proc=5
[1,4]<stdout>:[NLOC_PROCNE][rank 4] parent row 8357 proc=5
[1,4]<stdout>:[SPLIT][rank 4] DETACH_POST: parent_uid=10692 ms_parent=      0.0000 ms_new=      0.0000
[1,4]<stdout>:[SPLIT][rank 4] PHASE2_DETACH: parent_uid=10692 local_shells=2 ms_parent=    0.000000 ms_new=    0.000000
[1,4]<stdout>:[SPLIT][rank 4] MIRROR_PRE: parent_uid=10693 parent_id=1942 owning_rank=7 ms=      0.0000 X=      2.478668     -2.478668      0.000000
[1,7]<stdout>:[SPLIT_VNL][rank 7] uid=10708 old=1686 new=2574 n_contrib=2 n_remain=0 n_ghost=0 f_retain= 0.500 f_detach= 0.500
[1,4]<stdout>:[SPLIT_VNL][rank 4] uid=10693 old=1942 new=2616 n_contrib=1 n_remain=2 n_ghost=0 f_retain= 0.500 f_detach= 0.500
[1,7]<stdout>:[NLOC][rank 7] PARTIAL old=1686 new=2574 parent_total=4 n_contrib=2 n_remain=0 parent_n_remote=2
[1,7]<stdout>:[NLOC_ROWS][rank 7] OWNER parent nl_idx=1686 rows=4 N_prime new_nnod=2573 rows=2
